INFO:     Started server process [3691034]
INFO:     Waiting for application startup.
INFO:     Application startup complete.
INFO:     Uvicorn running on http://0.0.0.0:8000 (Press CTRL+C to quit)
[22:20:47] Failed to seed kline buffers: Client error '451 ' for url 'https://api.binance.com/api/v3/klines?symbol=BTCUSDT&interval=5m&limit=200'
For more information check: https://developer.mozilla.org/en-US/docs/Web/HTTP/Status/451
Connected to Chainlink RPC WS: wss://polygon-bor-rpc.publicnode.com
Connected to Polymarket WS. Filter: btc
WS Error (Binance): 451, message='Invalid response status', url='wss://stream.binance.com:9443/ws/btcusdt@trade'
WS Error (Binance Kline 5m): 451, message='Invalid response status', url='wss://stream.binance.com:9443/ws/btcusdt@kline_5m'
WS Error (Binance Kline 1m): 451, message='Invalid response status', url='wss://stream.binance.com:9443/ws/btcusdt@kline_1m'
WS Error (Binance): 451, message='Invalid response status', url='wss://stream.binance.com:9443/ws/btcusdt@trade'
WS Error (Binance Kline 1m): 451, message='Invalid response status', url='wss://stream.binance.com:9443/ws/btcusdt@kline_1m'
WS Error (Binance Kline 5m): 451, message='Invalid response status', url='wss://stream.binance.com:9443/ws/btcusdt@kline_5m'
WS Error (Binance): 451, message='Invalid response status', url='wss://stream.binance.com:9443/ws/btcusdt@trade'
WS Error (Binance Kline 1m): 451, message='Invalid response status', url='wss://stream.binance.com:9443/ws/btcusdt@kline_1m'
WS Error (Binance Kline 5m): 451, message='Invalid response status', url='wss://stream.binance.com:9443/ws/btcusdt@kline_5m'
WS Error (Binance): 451, message='Invalid response status', url='wss://stream.binance.com:9443/ws/btcusdt@trade'
WS Error (Binance Kline 5m): 451, message='Invalid response status', url='wss://stream.binance.com:9443/ws/btcusdt@kline_5m'
WS Error (Binance Kline 1m): 451, message='Invalid response status', url='wss://stream.binance.com:9443/ws/btcusdt@kline_1m'
WS Error (Binance Kline 1m): 451, message='Invalid response status', url='wss://stream.binance.com:9443/ws/btcusdt@kline_1m'
WS Error (Binance Kline 5m): 451, message='Invalid response status', url='wss://stream.binance.com:9443/ws/btcusdt@kline_5m'
WS Error (Binance): 451, message='Invalid response status', url='wss://stream.binance.com:9443/ws/btcusdt@trade'
WS Error (Binance Kline 5m): 451, message='Invalid response status', url='wss://stream.binance.com:9443/ws/btcusdt@kline_5m'
WS Error (Binance): 451, message='Invalid response status', url='wss://stream.binance.com:9443/ws/btcusdt@trade'
WS Error (Binance Kline 1m): 451, message='Invalid response status', url='wss://stream.binance.com:9443/ws/btcusdt@kline_1m'
WS Error (Binance): 451, message='Invalid response status', url='wss://stream.binance.com:9443/ws/btcusdt@trade'
WS Error (Binance Kline 5m): 451, message='Invalid response status', url='wss://stream.binance.com:9443/ws/btcusdt@kline_5m'
WS Error (Binance Kline 1m): 451, message='Invalid response status', url='wss://stream.binance.com:9443/ws/btcusdt@kline_1m'
WS Error (Binance Kline 5m): 451, message='Invalid response status', url='wss://stream.binance.com:9443/ws/btcusdt@kline_5m'
WS Error (Binance): 451, message='Invalid response status', url='wss://stream.binance.com:9443/ws/btcusdt@trade'
WS Error (Binance Kline 1m): 451, message='Invalid response status', url='wss://stream.binance.com:9443/ws/btcusdt@kline_1m'
WS Error (Binance Kline 5m): 451, message='Invalid response status', url='wss://stream.binance.com:9443/ws/btcusdt@kline_5m'
WS Error (Binance): 451, message='Invalid response status', url='wss://stream.binance.com:9443/ws/btcusdt@trade'
WS Error (Binance Kline 1m): 451, message='Invalid response status', url='wss://stream.binance.com:9443/ws/btcusdt@kline_1m'
WS Error (Binance Kline 5m): 451, message='Invalid response status', url='wss://stream.binance.com:9443/ws/btcusdt@kline_5m'
WS Error (Binance): 451, message='Invalid response status', url='wss://stream.binance.com:9443/ws/btcusdt@trade'
WS Error (Binance Kline 1m): 451, message='Invalid response status', url='wss://stream.binance.com:9443/ws/btcusdt@kline_1m'
INFO:     127.0.0.1:45388 - "GET /api/latest HTTP/1.1" 200 OK
WS Error (Binance): 451, message='Invalid response status', url='wss://stream.binance.com:9443/ws/btcusdt@trade'
WS Error (Binance Kline 5m): 451, message='Invalid response status', url='wss://stream.binance.com:9443/ws/btcusdt@kline_5m'
WS Error (Binance Kline 1m): 451, message='Invalid response status', url='wss://stream.binance.com:9443/ws/btcusdt@kline_1m'
WS Error (Binance Kline 5m): 451, message='Invalid response status', url='wss://stream.binance.com:9443/ws/btcusdt@kline_5m'
WS Error (Binance): 451, message='Invalid response status', url='wss://stream.binance.com:9443/ws/btcusdt@trade'
WS Error (Binance Kline 1m): 451, message='Invalid response status', url='wss://stream.binance.com:9443/ws/btcusdt@kline_1m'
WS Error (Binance Kline 5m): 451, message='Invalid response status', url='wss://stream.binance.com:9443/ws/btcusdt@kline_5m'
WS Error (Binance): 451, message='Invalid response status', url='wss://stream.binance.com:9443/ws/btcusdt@trade'
WS Error (Binance Kline 1m): 451, message='Invalid response status', url='wss://stream.binance.com:9443/ws/btcusdt@kline_1m'
WS Error (Binance Kline 1m): 451, message='Invalid response status', url='wss://stream.binance.com:9443/ws/btcusdt@kline_1m'
WS Error (Binance Kline 5m): 451, message='Invalid response status', url='wss://stream.binance.com:9443/ws/btcusdt@kline_5m'
WS Error (Binance): 451, message='Invalid response status', url='wss://stream.binance.com:9443/ws/btcusdt@trade'
WS Error (Binance): 451, message='Invalid response status', url='wss://stream.binance.com:9443/ws/btcusdt@trade'
WS Error (Binance Kline 1m): 451, message='Invalid response status', url='wss://stream.binance.com:9443/ws/btcusdt@kline_1m'
WS Error (Binance Kline 5m): 451, message='Invalid response status', url='wss://stream.binance.com:9443/ws/btcusdt@kline_5m'
WS Error (Binance): 451, message='Invalid response status', url='wss://stream.binance.com:9443/ws/btcusdt@trade'
WS Error (Binance Kline 5m): 451, message='Invalid response status', url='wss://stream.binance.com:9443/ws/btcusdt@kline_5m'
WS Error (Binance Kline 1m): 451, message='Invalid response status', url='wss://stream.binance.com:9443/ws/btcusdt@kline_1m'
WS Error (Binance): 451, message='Invalid response status', url='wss://stream.binance.com:9443/ws/btcusdt@trade'
WS Error (Binance Kline 5m): 451, message='Invalid response status', url='wss://stream.binance.com:9443/ws/btcusdt@kline_5m'
WS Error (Binance Kline 1m): 451, message='Invalid response status', url='wss://stream.binance.com:9443/ws/btcusdt@kline_1m'
WS Error (Binance): 451, message='Invalid response status', url='wss://stream.binance.com:9443/ws/btcusdt@trade'
WS Error (Binance Kline 5m): 451, message='Invalid response status', url='wss://stream.binance.com:9443/ws/btcusdt@kline_5m'
WS Error (Binance Kline 1m): 451, message='Invalid response status', url='wss://stream.binance.com:9443/ws/btcusdt@kline_1m'
WS Error (Binance Kline 1m): 451, message='Invalid response status', url='wss://stream.binance.com:9443/ws/btcusdt@kline_1m'
WS Error (Binance Kline 5m): 451, message='Invalid response status', url='wss://stream.binance.com:9443/ws/btcusdt@kline_5m'
WS Error (Binance): 451, message='Invalid response status', url='wss://stream.binance.com:9443/ws/btcusdt@trade'
WS Error (Binance): 451, message='Invalid response status', url='wss://stream.binance.com:9443/ws/btcusdt@trade'
WS Error (Binance Kline 1m): 451, message='Invalid response status', url='wss://stream.binance.com:9443/ws/btcusdt@kline_1m'
WS Error (Binance Kline 5m): 451, message='Invalid response status', url='wss://stream.binance.com:9443/ws/btcusdt@kline_5m'
WS Error (Binance Kline 1m): 451, message='Invalid response status', url='wss://stream.binance.com:9443/ws/btcusdt@kline_1m'
WS Error (Binance): 451, message='Invalid response status', url='wss://stream.binance.com:9443/ws/btcusdt@trade'
WS Error (Binance Kline 5m): 451, message='Invalid response status', url='wss://stream.binance.com:9443/ws/btcusdt@kline_5m'
WS Error (Binance): 451, message='Invalid response status', url='wss://stream.binance.com:9443/ws/btcusdt@trade'
WS Error (Binance Kline 5m): 451, message='Invalid response status', url='wss://stream.binance.com:9443/ws/btcusdt@kline_5m'
WS Error (Binance Kline 1m): 451, message='Invalid response status', url='wss://stream.binance.com:9443/ws/btcusdt@kline_1m'
WS Error (Binance): 451, message='Invalid response status', url='wss://stream.binance.com:9443/ws/btcusdt@trade'
WS Error (Binance Kline 5m): 451, message='Invalid response status', url='wss://stream.binance.com:9443/ws/btcusdt@kline_5m'
WS Error (Binance Kline 1m): 451, message='Invalid response status', url='wss://stream.binance.com:9443/ws/btcusdt@kline_1m'
WS Error (Binance): 451, message='Invalid response status', url='wss://stream.binance.com:9443/ws/btcusdt@trade'
WS Error (Binance Kline 5m): 451, message='Invalid response status', url='wss://stream.binance.com:9443/ws/btcusdt@kline_5m'
WS Error (Binance Kline 1m): 451, message='Invalid response status', url='wss://stream.binance.com:9443/ws/btcusdt@kline_1m'
WS Error (Binance): 451, message='Invalid response status', url='wss://stream.binance.com:9443/ws/btcusdt@trade'
WS Error (Binance Kline 1m): 451, message='Invalid response status', url='wss://stream.binance.com:9443/ws/btcusdt@kline_1m'
WS Error (Binance Kline 5m): 451, message='Invalid response status', url='wss://stream.binance.com:9443/ws/btcusdt@kline_5m'
WS Error (Binance Kline 1m): 451, message='Invalid response status', url='wss://stream.binance.com:9443/ws/btcusdt@kline_1m'
WS Error (Binance Kline 5m): 451, message='Invalid response status', url='wss://stream.binance.com:9443/ws/btcusdt@kline_5m'
WS Error (Binance): 451, message='Invalid response status', url='wss://stream.binance.com:9443/ws/btcusdt@trade'
WS Error (Binance Kline 5m): 451, message='Invalid response status', url='wss://stream.binance.com:9443/ws/btcusdt@kline_5m'
WS Error (Binance Kline 1m): 451, message='Invalid response status', url='wss://stream.binance.com:9443/ws/btcusdt@kline_1m'
WS Error (Binance): 451, message='Invalid response status', url='wss://stream.binance.com:9443/ws/btcusdt@trade'
WS Error (Binance Kline 1m): 451, message='Invalid response status', url='wss://stream.binance.com:9443/ws/btcusdt@kline_1m'
WS Error (Binance): 451, message='Invalid response status', url='wss://stream.binance.com:9443/ws/btcusdt@trade'
WS Error (Binance Kline 5m): 451, message='Invalid response status', url='wss://stream.binance.com:9443/ws/btcusdt@kline_5m'
WS Error (Binance Kline 1m): 451, message='Invalid response status', url='wss://stream.binance.com:9443/ws/btcusdt@kline_1m'
WS Error (Binance Kline 5m): 451, message='Invalid response status', url='wss://stream.binance.com:9443/ws/btcusdt@kline_5m'
WS Error (Binance): 451, message='Invalid response status', url='wss://stream.binance.com:9443/ws/btcusdt@trade'
Connected to Chainlink RPC WS: wss://polygon-bor-rpc.publicnode.com
WS Error (Binance Kline 5m): 451, message='Invalid response status', url='wss://stream.binance.com:9443/ws/btcusdt@kline_5m'
WS Error (Binance Kline 1m): 451, message='Invalid response status', url='wss://stream.binance.com:9443/ws/btcusdt@kline_1m'
WS Error (Binance): 451, message='Invalid response status', url='wss://stream.binance.com:9443/ws/btcusdt@trade'
WS Error (Binance Kline 5m): 451, message='Invalid response status', url='wss://stream.binance.com:9443/ws/btcusdt@kline_5m'
WS Error (Binance): 451, message='Invalid response status', url='wss://stream.binance.com:9443/ws/btcusdt@trade'
WS Error (Binance Kline 1m): 451, message='Invalid response status', url='wss://stream.binance.com:9443/ws/btcusdt@kline_1m'
WS Error (Binance Kline 1m): 451, message='Invalid response status', url='wss://stream.binance.com:9443/ws/btcusdt@kline_1m'
WS Error (Binance Kline 5m): 451, message='Invalid response status', url='wss://stream.binance.com:9443/ws/btcusdt@kline_5m'
WS Error (Binance): 451, message='Invalid response status', url='wss://stream.binance.com:9443/ws/btcusdt@trade'
WS Error (Binance Kline 5m): 451, message='Invalid response status', url='wss://stream.binance.com:9443/ws/btcusdt@kline_5m'
WS Error (Binance Kline 1m): 451, message='Invalid response status', url='wss://stream.binance.com:9443/ws/btcusdt@kline_1m'
WS Error (Binance): 451, message='Invalid response status', url='wss://stream.binance.com:9443/ws/btcusdt@trade'
WS Error (Binance Kline 1m): 451, message='Invalid response status', url='wss://stream.binance.com:9443/ws/btcusdt@kline_1m'
WS Error (Binance Kline 5m): 451, message='Invalid response status', url='wss://stream.binance.com:9443/ws/btcusdt@kline_5m'
WS Error (Binance): 451, message='Invalid response status', url='wss://stream.binance.com:9443/ws/btcusdt@trade'
WS Error (Binance): 451, message='Invalid response status', url='wss://stream.binance.com:9443/ws/btcusdt@trade'
WS Error (Binance Kline 1m): 451, message='Invalid response status', url='wss://stream.binance.com:9443/ws/btcusdt@kline_1m'
WS Error (Binance Kline 5m): 451, message='Invalid response status', url='wss://stream.binance.com:9443/ws/btcusdt@kline_5m'
WS Error (Binance): 451, message='Invalid response status', url='wss://stream.binance.com:9443/ws/btcusdt@trade'
WS Error (Binance Kline 1m): 451, message='Invalid response status', url='wss://stream.binance.com:9443/ws/btcusdt@kline_1m'
WS Error (Binance Kline 5m): 451, message='Invalid response status', url='wss://stream.binance.com:9443/ws/btcusdt@kline_5m'
WS Error (Binance Kline 5m): 451, message='Invalid response status', url='wss://stream.binance.com:9443/ws/btcusdt@kline_5m'
WS Error (Binance Kline 1m): 451, message='Invalid response status', url='wss://stream.binance.com:9443/ws/btcusdt@kline_1m'
WS Error (Binance): 451, message='Invalid response status', url='wss://stream.binance.com:9443/ws/btcusdt@trade'
WS Error (Binance): 451, message='Invalid response status', url='wss://stream.binance.com:9443/ws/btcusdt@trade'
WS Error (Binance Kline 1m): 451, message='Invalid response status', url='wss://stream.binance.com:9443/ws/btcusdt@kline_1m'
WS Error (Binance Kline 5m): 451, message='Invalid response status', url='wss://stream.binance.com:9443/ws/btcusdt@kline_5m'
WS Error (Binance): 451, message='Invalid response status', url='wss://stream.binance.com:9443/ws/btcusdt@trade'
WS Error (Binance Kline 1m): 451, message='Invalid response status', url='wss://stream.binance.com:9443/ws/btcusdt@kline_1m'
WS Error (Binance Kline 5m): 451, message='Invalid response status', url='wss://stream.binance.com:9443/ws/btcusdt@kline_5m'
WS Error (Binance Kline 5m): 451, message='Invalid response status', url='wss://stream.binance.com:9443/ws/btcusdt@kline_5m'
WS Error (Binance): 451, message='Invalid response status', url='wss://stream.binance.com:9443/ws/btcusdt@trade'
WS Error (Binance Kline 1m): 451, message='Invalid response status', url='wss://stream.binance.com:9443/ws/btcusdt@kline_1m'
WS Error (Binance Kline 5m): 451, message='Invalid response status', url='wss://stream.binance.com:9443/ws/btcusdt@kline_5m'
WS Error (Binance): 451, message='Invalid response status', url='wss://stream.binance.com:9443/ws/btcusdt@trade'
WS Error (Binance Kline 1m): 451, message='Invalid response status', url='wss://stream.binance.com:9443/ws/btcusdt@kline_1m'
WS Error (Binance Kline 5m): 451, message='Invalid response status', url='wss://stream.binance.com:9443/ws/btcusdt@kline_5m'
WS Error (Binance): 451, message='Invalid response status', url='wss://stream.binance.com:9443/ws/btcusdt@trade'
WS Error (Binance Kline 1m): 451, message='Invalid response status', url='wss://stream.binance.com:9443/ws/btcusdt@kline_1m'
WS Error (Binance): 451, message='Invalid response status', url='wss://stream.binance.com:9443/ws/btcusdt@trade'
WS Error (Binance Kline 5m): 451, message='Invalid response status', url='wss://stream.binance.com:9443/ws/btcusdt@kline_5m'
WS Error (Binance Kline 1m): 451, message='Invalid response status', url='wss://stream.binance.com:9443/ws/btcusdt@kline_1m'
WS Error (Binance Kline 1m): 451, message='Invalid response status', url='wss://stream.binance.com:9443/ws/btcusdt@kline_1m'
WS Error (Binance Kline 5m): 451, message='Invalid response status', url='wss://stream.binance.com:9443/ws/btcusdt@kline_5m'
WS Error (Binance): 451, message='Invalid response status', url='wss://stream.binance.com:9443/ws/btcusdt@trade'
WS Error (Binance Kline 5m): 451, message='Invalid response status', url='wss://stream.binance.com:9443/ws/btcusdt@kline_5m'
WS Error (Binance): 451, message='Invalid response status', url='wss://stream.binance.com:9443/ws/btcusdt@trade'
WS Error (Binance Kline 1m): 451, message='Invalid response status', url='wss://stream.binance.com:9443/ws/btcusdt@kline_1m'
WS Error (Binance): 451, message='Invalid response status', url='wss://stream.binance.com:9443/ws/btcusdt@trade'
WS Error (Binance Kline 5m): 451, message='Invalid response status', url='wss://stream.binance.com:9443/ws/btcusdt@kline_5m'
WS Error (Binance Kline 1m): 451, message='Invalid response status', url='wss://stream.binance.com:9443/ws/btcusdt@kline_1m'
WS Error (Binance): 451, message='Invalid response status', url='wss://stream.binance.com:9443/ws/btcusdt@trade'
WS Error (Binance Kline 1m): 451, message='Invalid response status', url='wss://stream.binance.com:9443/ws/btcusdt@kline_1m'
WS Error (Binance Kline 5m): 451, message='Invalid response status', url='wss://stream.binance.com:9443/ws/btcusdt@kline_5m'
WS Error (Binance Kline 1m): 451, message='Invalid response status', url='wss://stream.binance.com:9443/ws/btcusdt@kline_1m'
WS Error (Binance): 451, message='Invalid response status', url='wss://stream.binance.com:9443/ws/btcusdt@trade'
WS Error (Binance Kline 5m): 451, message='Invalid response status', url='wss://stream.binance.com:9443/ws/btcusdt@kline_5m'
WS Error (Binance Kline 5m): 451, message='Invalid response status', url='wss://stream.binance.com:9443/ws/btcusdt@kline_5m'
WS Error (Binance): 451, message='Invalid response status', url='wss://stream.binance.com:9443/ws/btcusdt@trade'
WS Error (Binance Kline 1m): 451, message='Invalid response status', url='wss://stream.binance.com:9443/ws/btcusdt@kline_1m'
WS Error (Binance): 451, message='Invalid response status', url='wss://stream.binance.com:9443/ws/btcusdt@trade'
WS Error (Binance Kline 1m): 451, message='Invalid response status', url='wss://stream.binance.com:9443/ws/btcusdt@kline_1m'
WS Error (Binance Kline 5m): 451, message='Invalid response status', url='wss://stream.binance.com:9443/ws/btcusdt@kline_5m'
WS Error (Binance Kline 5m): 451, message='Invalid response status', url='wss://stream.binance.com:9443/ws/btcusdt@kline_5m'
WS Error (Binance Kline 1m): 451, message='Invalid response status', url='wss://stream.binance.com:9443/ws/btcusdt@kline_1m'
WS Error (Binance): 451, message='Invalid response status', url='wss://stream.binance.com:9443/ws/btcusdt@trade'
WS Error (Binance Kline 1m): 451, message='Invalid response status', url='wss://stream.binance.com:9443/ws/btcusdt@kline_1m'
WS Error (Binance Kline 5m): 451, message='Invalid response status', url='wss://stream.binance.com:9443/ws/btcusdt@kline_5m'
WS Error (Binance): 451, message='Invalid response status', url='wss://stream.binance.com:9443/ws/btcusdt@trade'
WS Error (Binance Kline 1m): 451, message='Invalid response status', url='wss://stream.binance.com:9443/ws/btcusdt@kline_1m'
WS Error (Binance Kline 5m): 451, message='Invalid response status', url='wss://stream.binance.com:9443/ws/btcusdt@kline_5m'
WS Error (Binance): 451, message='Invalid response status', url='wss://stream.binance.com:9443/ws/btcusdt@trade'
WS Error (Binance Kline 1m): 451, message='Invalid response status', url='wss://stream.binance.com:9443/ws/btcusdt@kline_1m'
WS Error (Binance): 451, message='Invalid response status', url='wss://stream.binance.com:9443/ws/btcusdt@trade'
WS Error (Binance Kline 5m): 451, message='Invalid response status', url='wss://stream.binance.com:9443/ws/btcusdt@kline_5m'
WS Error (Binance Kline 1m): 451, message='Invalid response status', url='wss://stream.binance.com:9443/ws/btcusdt@kline_1m'
WS Error (Binance Kline 5m): 451, message='Invalid response status', url='wss://stream.binance.com:9443/ws/btcusdt@kline_5m'
WS Error (Binance): 451, message='Invalid response status', url='wss://stream.binance.com:9443/ws/btcusdt@trade'
WS Error (Binance Kline 5m): 451, message='Invalid response status', url='wss://stream.binance.com:9443/ws/btcusdt@kline_5m'
WS Error (Binance Kline 1m): 451, message='Invalid response status', url='wss://stream.binance.com:9443/ws/btcusdt@kline_1m'
WS Error (Binance): 451, message='Invalid response status', url='wss://stream.binance.com:9443/ws/btcusdt@trade'
WS Error (Binance): 451, message='Invalid response status', url='wss://stream.binance.com:9443/ws/btcusdt@trade'
WS Error (Binance Kline 1m): 451, message='Invalid response status', url='wss://stream.binance.com:9443/ws/btcusdt@kline_1m'
WS Error (Binance Kline 5m): 451, message='Invalid response status', url='wss://stream.binance.com:9443/ws/btcusdt@kline_5m'
WS Error (Binance Kline 1m): 451, message='Invalid response status', url='wss://stream.binance.com:9443/ws/btcusdt@kline_1m'
WS Error (Binance): 451, message='Invalid response status', url='wss://stream.binance.com:9443/ws/btcusdt@trade'
WS Error (Binance Kline 5m): 451, message='Invalid response status', url='wss://stream.binance.com:9443/ws/btcusdt@kline_5m'
WS Error (Binance Kline 5m): 451, message='Invalid response status', url='wss://stream.binance.com:9443/ws/btcusdt@kline_5m'
WS Error (Binance Kline 1m): 451, message='Invalid response status', url='wss://stream.binance.com:9443/ws/btcusdt@kline_1m'
WS Error (Binance): 451, message='Invalid response status', url='wss://stream.binance.com:9443/ws/btcusdt@trade'
Connected to Chainlink RPC WS: wss://polygon-bor-rpc.publicnode.com
WS Error (Binance): 451, message='Invalid response status', url='wss://stream.binance.com:9443/ws/btcusdt@trade'
WS Error (Binance Kline 1m): 451, message='Invalid response status', url='wss://stream.binance.com:9443/ws/btcusdt@kline_1m'
WS Error (Binance Kline 5m): 451, message='Invalid response status', url='wss://stream.binance.com:9443/ws/btcusdt@kline_5m'
WS Error (Binance Kline 5m): 451, message='Invalid response status', url='wss://stream.binance.com:9443/ws/btcusdt@kline_5m'
WS Error (Binance): 451, message='Invalid response status', url='wss://stream.binance.com:9443/ws/btcusdt@trade'
WS Error (Binance Kline 1m): 451, message='Invalid response status', url='wss://stream.binance.com:9443/ws/btcusdt@kline_1m'
WS Error (Binance Kline 5m): 451, message='Invalid response status', url='wss://stream.binance.com:9443/ws/btcusdt@kline_5m'
WS Error (Binance Kline 1m): 451, message='Invalid response status', url='wss://stream.binance.com:9443/ws/btcusdt@kline_1m'
WS Error (Binance): 451, message='Invalid response status', url='wss://stream.binance.com:9443/ws/btcusdt@trade'
WS Error (Binance): 451, message='Invalid response status', url='wss://stream.binance.com:9443/ws/btcusdt@trade'
WS Error (Binance Kline 1m): 451, message='Invalid response status', url='wss://stream.binance.com:9443/ws/btcusdt@kline_1m'
WS Error (Binance Kline 5m): 451, message='Invalid response status', url='wss://stream.binance.com:9443/ws/btcusdt@kline_5m'
WS Error (Binance Kline 5m): 451, message='Invalid response status', url='wss://stream.binance.com:9443/ws/btcusdt@kline_5m'
WS Error (Binance Kline 1m): 451, message='Invalid response status', url='wss://stream.binance.com:9443/ws/btcusdt@kline_1m'
WS Error (Binance): 451, message='Invalid response status', url='wss://stream.binance.com:9443/ws/btcusdt@trade'
WS Error (Binance): 451, message='Invalid response status', url='wss://stream.binance.com:9443/ws/btcusdt@trade'
WS Error (Binance Kline 5m): 451, message='Invalid response status', url='wss://stream.binance.com:9443/ws/btcusdt@kline_5m'
WS Error (Binance Kline 1m): 451, message='Invalid response status', url='wss://stream.binance.com:9443/ws/btcusdt@kline_1m'
WS Error (Binance Kline 1m): 451, message='Invalid response status', url='wss://stream.binance.com:9443/ws/btcusdt@kline_1m'
WS Error (Binance): 451, message='Invalid response status', url='wss://stream.binance.com:9443/ws/btcusdt@trade'
WS Error (Binance Kline 5m): 451, message='Invalid response status', url='wss://stream.binance.com:9443/ws/btcusdt@kline_5m'
WS Error (Binance): 451, message='Invalid response status', url='wss://stream.binance.com:9443/ws/btcusdt@trade'
WS Error (Binance Kline 1m): 451, message='Invalid response status', url='wss://stream.binance.com:9443/ws/btcusdt@kline_1m'
WS Error (Binance Kline 5m): 451, message='Invalid response status', url='wss://stream.binance.com:9443/ws/btcusdt@kline_5m'
WS Error (Binance Kline 5m): 451, message='Invalid response status', url='wss://stream.binance.com:9443/ws/btcusdt@kline_5m'
WS Error (Binance): 451, message='Invalid response status', url='wss://stream.binance.com:9443/ws/btcusdt@trade'
WS Error (Binance Kline 1m): 451, message='Invalid response status', url='wss://stream.binance.com:9443/ws/btcusdt@kline_1m'
WS Error (Binance Kline 1m): 451, message='Invalid response status', url='wss://stream.binance.com:9443/ws/btcusdt@kline_1m'
WS Error (Binance Kline 5m): 451, message='Invalid response status', url='wss://stream.binance.com:9443/ws/btcusdt@kline_5m'
WS Error (Binance): 451, message='Invalid response status', url='wss://stream.binance.com:9443/ws/btcusdt@trade'
WS Error (Binance Kline 5m): 451, message='Invalid response status', url='wss://stream.binance.com:9443/ws/btcusdt@kline_5m'
WS Error (Binance): 451, message='Invalid response status', url='wss://stream.binance.com:9443/ws/btcusdt@trade'
WS Error (Binance Kline 1m): 451, message='Invalid response status', url='wss://stream.binance.com:9443/ws/btcusdt@kline_1m'
WS Error (Binance Kline 5m): 451, message='Invalid response status', url='wss://stream.binance.com:9443/ws/btcusdt@kline_5m'
WS Error (Binance): 451, message='Invalid response status', url='wss://stream.binance.com:9443/ws/btcusdt@trade'
WS Error (Binance Kline 1m): 451, message='Invalid response status', url='wss://stream.binance.com:9443/ws/btcusdt@kline_1m'
WS Error (Binance Kline 1m): 451, message='Invalid response status', url='wss://stream.binance.com:9443/ws/btcusdt@kline_1m'
WS Error (Binance): 451, message='Invalid response status', url='wss://stream.binance.com:9443/ws/btcusdt@trade'
WS Error (Binance Kline 5m): 451, message='Invalid response status', url='wss://stream.binance.com:9443/ws/btcusdt@kline_5m'
WS Error (Binance Kline 1m): 451, message='Invalid response status', url='wss://stream.binance.com:9443/ws/btcusdt@kline_1m'
WS Error (Binance): 451, message='Invalid response status', url='wss://stream.binance.com:9443/ws/btcusdt@trade'
WS Error (Binance Kline 5m): 451, message='Invalid response status', url='wss://stream.binance.com:9443/ws/btcusdt@kline_5m'
WS Error (Binance Kline 5m): 451, message='Invalid response status', url='wss://stream.binance.com:9443/ws/btcusdt@kline_5m'
WS Error (Binance Kline 1m): 451, message='Invalid response status', url='wss://stream.binance.com:9443/ws/btcusdt@kline_1m'
WS Error (Binance): 451, message='Invalid response status', url='wss://stream.binance.com:9443/ws/btcusdt@trade'
WS Error (Binance Kline 5m): 451, message='Invalid response status', url='wss://stream.binance.com:9443/ws/btcusdt@kline_5m'
WS Error (Binance Kline 1m): 451, message='Invalid response status', url='wss://stream.binance.com:9443/ws/btcusdt@kline_1m'
WS Error (Binance): 451, message='Invalid response status', url='wss://stream.binance.com:9443/ws/btcusdt@trade'
WS Error (Binance Kline 1m): 451, message='Invalid response status', url='wss://stream.binance.com:9443/ws/btcusdt@kline_1m'
WS Error (Binance Kline 5m): 451, message='Invalid response status', url='wss://stream.binance.com:9443/ws/btcusdt@kline_5m'
WS Error (Binance): 451, message='Invalid response status', url='wss://stream.binance.com:9443/ws/btcusdt@trade'
INFO:     127.0.0.1:42412 - "GET / HTTP/1.1" 200 OK
INFO:     127.0.0.1:42412 - "GET /api/latest HTTP/1.1" 200 OK
INFO:     127.0.0.1:58454 - "GET /api/latest HTTP/1.1" 200 OK
INFO:     127.0.0.1:42412 - "GET /api/latest HTTP/1.1" 200 OK
INFO:     127.0.0.1:42412 - "GET /api/latest HTTP/1.1" 200 OK
WS Error (Binance Kline 5m): 451, message='Invalid response status', url='wss://stream.binance.com:9443/ws/btcusdt@kline_5m'
WS Error (Binance): 451, message='Invalid response status', url='wss://stream.binance.com:9443/ws/btcusdt@trade'
WS Error (Binance Kline 1m): 451, message='Invalid response status', url='wss://stream.binance.com:9443/ws/btcusdt@kline_1m'
INFO:     127.0.0.1:42412 - "GET /api/latest HTTP/1.1" 200 OK
INFO:     127.0.0.1:42412 - "GET /api/latest HTTP/1.1" 200 OK
WS Error (Binance): 451, message='Invalid response status', url='wss://stream.binance.com:9443/ws/btcusdt@trade'
WS Error (Binance Kline 5m): 451, message='Invalid response status', url='wss://stream.binance.com:9443/ws/btcusdt@kline_5m'
WS Error (Binance Kline 1m): 451, message='Invalid response status', url='wss://stream.binance.com:9443/ws/btcusdt@kline_1m'
WS Error (Binance): 451, message='Invalid response status', url='wss://stream.binance.com:9443/ws/btcusdt@trade'
WS Error (Binance Kline 5m): 451, message='Invalid response status', url='wss://stream.binance.com:9443/ws/btcusdt@kline_5m'
WS Error (Binance Kline 1m): 451, message='Invalid response status', url='wss://stream.binance.com:9443/ws/btcusdt@kline_1m'
WS Error (Binance Kline 5m): 451, message='Invalid response status', url='wss://stream.binance.com:9443/ws/btcusdt@kline_5m'
WS Error (Binance Kline 1m): 451, message='Invalid response status', url='wss://stream.binance.com:9443/ws/btcusdt@kline_1m'
WS Error (Binance): 451, message='Invalid response status', url='wss://stream.binance.com:9443/ws/btcusdt@trade'
WS Error (Binance Kline 1m): 451, message='Invalid response status', url='wss://stream.binance.com:9443/ws/btcusdt@kline_1m'
WS Error (Binance): 451, message='Invalid response status', url='wss://stream.binance.com:9443/ws/btcusdt@trade'
WS Error (Binance Kline 5m): 451, message='Invalid response status', url='wss://stream.binance.com:9443/ws/btcusdt@kline_5m'
WS Error (Binance Kline 5m): 451, message='Invalid response status', url='wss://stream.binance.com:9443/ws/btcusdt@kline_5m'
WS Error (Binance Kline 1m): 451, message='Invalid response status', url='wss://stream.binance.com:9443/ws/btcusdt@kline_1m'
WS Error (Binance): 451, message='Invalid response status', url='wss://stream.binance.com:9443/ws/btcusdt@trade'
WS Error (Binance Kline 1m): 451, message='Invalid response status', url='wss://stream.binance.com:9443/ws/btcusdt@kline_1m'
WS Error (Binance): 451, message='Invalid response status', url='wss://stream.binance.com:9443/ws/btcusdt@trade'
WS Error (Binance Kline 5m): 451, message='Invalid response status', url='wss://stream.binance.com:9443/ws/btcusdt@kline_5m'
WS Error (Binance Kline 5m): 451, message='Invalid response status', url='wss://stream.binance.com:9443/ws/btcusdt@kline_5m'
WS Error (Binance Kline 1m): 451, message='Invalid response status', url='wss://stream.binance.com:9443/ws/btcusdt@kline_1m'
WS Error (Binance): 451, message='Invalid response status', url='wss://stream.binance.com:9443/ws/btcusdt@trade'
WS Error (Binance Kline 1m): 451, message='Invalid response status', url='wss://stream.binance.com:9443/ws/btcusdt@kline_1m'
WS Error (Binance Kline 5m): 451, message='Invalid response status', url='wss://stream.binance.com:9443/ws/btcusdt@kline_5m'
WS Error (Binance): 451, message='Invalid response status', url='wss://stream.binance.com:9443/ws/btcusdt@trade'
WS Error (Binance Kline 1m): 451, message='Invalid response status', url='wss://stream.binance.com:9443/ws/btcusdt@kline_1m'
WS Error (Binance): 451, message='Invalid response status', url='wss://stream.binance.com:9443/ws/btcusdt@trade'
WS Error (Binance Kline 5m): 451, message='Invalid response status', url='wss://stream.binance.com:9443/ws/btcusdt@kline_5m'
WS Error (Binance Kline 1m): 451, message='Invalid response status', url='wss://stream.binance.com:9443/ws/btcusdt@kline_1m'
WS Error (Binance): 451, message='Invalid response status', url='wss://stream.binance.com:9443/ws/btcusdt@trade'
WS Error (Binance Kline 5m): 451, message='Invalid response status', url='wss://stream.binance.com:9443/ws/btcusdt@kline_5m'
WS Error (Binance Kline 1m): 451, message='Invalid response status', url='wss://stream.binance.com:9443/ws/btcusdt@kline_1m'
WS Error (Binance): 451, message='Invalid response status', url='wss://stream.binance.com:9443/ws/btcusdt@trade'
WS Error (Binance Kline 5m): 451, message='Invalid response status', url='wss://stream.binance.com:9443/ws/btcusdt@kline_5m'
Connected to Chainlink RPC WS: wss://polygon-bor-rpc.publicnode.com
WS Error (Binance Kline 1m): 451, message='Invalid response status', url='wss://stream.binance.com:9443/ws/btcusdt@kline_1m'
WS Error (Binance): 451, message='Invalid response status', url='wss://stream.binance.com:9443/ws/btcusdt@trade'
WS Error (Binance Kline 5m): 451, message='Invalid response status', url='wss://stream.binance.com:9443/ws/btcusdt@kline_5m'
WS Error (Binance Kline 5m): 451, message='Invalid response status', url='wss://stream.binance.com:9443/ws/btcusdt@kline_5m'
WS Error (Binance): 451, message='Invalid response status', url='wss://stream.binance.com:9443/ws/btcusdt@trade'
WS Error (Binance Kline 1m): 451, message='Invalid response status', url='wss://stream.binance.com:9443/ws/btcusdt@kline_1m'
WS Error (Binance Kline 5m): 451, message='Invalid response status', url='wss://stream.binance.com:9443/ws/btcusdt@kline_5m'
WS Error (Binance Kline 1m): 451, message='Invalid response status', url='wss://stream.binance.com:9443/ws/btcusdt@kline_1m'
WS Error (Binance): 451, message='Invalid response status', url='wss://stream.binance.com:9443/ws/btcusdt@trade'
WS Error (Binance Kline 5m): 451, message='Invalid response status', url='wss://stream.binance.com:9443/ws/btcusdt@kline_5m'
WS Error (Binance Kline 1m): 451, message='Invalid response status', url='wss://stream.binance.com:9443/ws/btcusdt@kline_1m'
WS Error (Binance): 451, message='Invalid response status', url='wss://stream.binance.com:9443/ws/btcusdt@trade'
WS Error (Binance Kline 5m): 451, message='Invalid response status', url='wss://stream.binance.com:9443/ws/btcusdt@kline_5m'
WS Error (Binance): 451, message='Invalid response status', url='wss://stream.binance.com:9443/ws/btcusdt@trade'
WS Error (Binance Kline 1m): 451, message='Invalid response status', url='wss://stream.binance.com:9443/ws/btcusdt@kline_1m'
WS Error (Binance): 451, message='Invalid response status', url='wss://stream.binance.com:9443/ws/btcusdt@trade'
WS Error (Binance Kline 1m): 451, message='Invalid response status', url='wss://stream.binance.com:9443/ws/btcusdt@kline_1m'
WS Error (Binance Kline 5m): 451, message='Invalid response status', url='wss://stream.binance.com:9443/ws/btcusdt@kline_5m'
WS Error (Binance Kline 1m): 451, message='Invalid response status', url='wss://stream.binance.com:9443/ws/btcusdt@kline_1m'
WS Error (Binance Kline 5m): 451, message='Invalid response status', url='wss://stream.binance.com:9443/ws/btcusdt@kline_5m'
WS Error (Binance): 451, message='Invalid response status', url='wss://stream.binance.com:9443/ws/btcusdt@trade'
WS Error (Binance Kline 1m): 451, message='Invalid response status', url='wss://stream.binance.com:9443/ws/btcusdt@kline_1m'
WS Error (Binance): 451, message='Invalid response status', url='wss://stream.binance.com:9443/ws/btcusdt@trade'
WS Error (Binance Kline 5m): 451, message='Invalid response status', url='wss://stream.binance.com:9443/ws/btcusdt@kline_5m'
WS Error (Binance Kline 1m): 451, message='Invalid response status', url='wss://stream.binance.com:9443/ws/btcusdt@kline_1m'
WS Error (Binance): 451, message='Invalid response status', url='wss://stream.binance.com:9443/ws/btcusdt@trade'
WS Error (Binance Kline 5m): 451, message='Invalid response status', url='wss://stream.binance.com:9443/ws/btcusdt@kline_5m'
WS Error (Binance Kline 1m): 451, message='Invalid response status', url='wss://stream.binance.com:9443/ws/btcusdt@kline_1m'
WS Error (Binance Kline 5m): 451, message='Invalid response status', url='wss://stream.binance.com:9443/ws/btcusdt@kline_5m'
WS Error (Binance): 451, message='Invalid response status', url='wss://stream.binance.com:9443/ws/btcusdt@trade'
WS Error (Binance Kline 5m): 451, message='Invalid response status', url='wss://stream.binance.com:9443/ws/btcusdt@kline_5m'
WS Error (Binance Kline 1m): 451, message='Invalid response status', url='wss://stream.binance.com:9443/ws/btcusdt@kline_1m'
WS Error (Binance): 451, message='Invalid response status', url='wss://stream.binance.com:9443/ws/btcusdt@trade'
WS Error (Binance Kline 5m): 451, message='Invalid response status', url='wss://stream.binance.com:9443/ws/btcusdt@kline_5m'
WS Error (Binance Kline 1m): 451, message='Invalid response status', url='wss://stream.binance.com:9443/ws/btcusdt@kline_1m'
WS Error (Binance): 451, message='Invalid response status', url='wss://stream.binance.com:9443/ws/btcusdt@trade'
WS Error (Binance): 451, message='Invalid response status', url='wss://stream.binance.com:9443/ws/btcusdt@trade'
WS Error (Binance Kline 1m): 451, message='Invalid response status', url='wss://stream.binance.com:9443/ws/btcusdt@kline_1m'
WS Error (Binance Kline 5m): 451, message='Invalid response status', url='wss://stream.binance.com:9443/ws/btcusdt@kline_5m'
WS Error (Binance): 451, message='Invalid response status', url='wss://stream.binance.com:9443/ws/btcusdt@trade'
WS Error (Binance Kline 5m): 451, message='Invalid response status', url='wss://stream.binance.com:9443/ws/btcusdt@kline_5m'
WS Error (Binance Kline 1m): 451, message='Invalid response status', url='wss://stream.binance.com:9443/ws/btcusdt@kline_1m'
WS Error (Binance Kline 5m): 451, message='Invalid response status', url='wss://stream.binance.com:9443/ws/btcusdt@kline_5m'
WS Error (Binance): 451, message='Invalid response status', url='wss://stream.binance.com:9443/ws/btcusdt@trade'
WS Error (Binance Kline 1m): 451, message='Invalid response status', url='wss://stream.binance.com:9443/ws/btcusdt@kline_1m'
WS Error (Binance Kline 5m): 451, message='Invalid response status', url='wss://stream.binance.com:9443/ws/btcusdt@kline_5m'
WS Error (Binance Kline 1m): 451, message='Invalid response status', url='wss://stream.binance.com:9443/ws/btcusdt@kline_1m'
WS Error (Binance): 451, message='Invalid response status', url='wss://stream.binance.com:9443/ws/btcusdt@trade'
WS Error (Binance): 451, message='Invalid response status', url='wss://stream.binance.com:9443/ws/btcusdt@trade'
WS Error (Binance Kline 1m): 451, message='Invalid response status', url='wss://stream.binance.com:9443/ws/btcusdt@kline_1m'
WS Error (Binance Kline 5m): 451, message='Invalid response status', url='wss://stream.binance.com:9443/ws/btcusdt@kline_5m'
WS Error (Binance): 451, message='Invalid response status', url='wss://stream.binance.com:9443/ws/btcusdt@trade'
WS Error (Binance Kline 5m): 451, message='Invalid response status', url='wss://stream.binance.com:9443/ws/btcusdt@kline_5m'
WS Error (Binance Kline 1m): 451, message='Invalid response status', url='wss://stream.binance.com:9443/ws/btcusdt@kline_1m'
WS Error (Binance): 451, message='Invalid response status', url='wss://stream.binance.com:9443/ws/btcusdt@trade'
WS Error (Binance Kline 1m): 451, message='Invalid response status', url='wss://stream.binance.com:9443/ws/btcusdt@kline_1m'
WS Error (Binance Kline 5m): 451, message='Invalid response status', url='wss://stream.binance.com:9443/ws/btcusdt@kline_5m'
WS Error (Binance): 451, message='Invalid response status', url='wss://stream.binance.com:9443/ws/btcusdt@trade'
WS Error (Binance Kline 5m): 451, message='Invalid response status', url='wss://stream.binance.com:9443/ws/btcusdt@kline_5m'
WS Error (Binance Kline 1m): 451, message='Invalid response status', url='wss://stream.binance.com:9443/ws/btcusdt@kline_1m'
WS Error (Binance): 451, message='Invalid response status', url='wss://stream.binance.com:9443/ws/btcusdt@trade'
WS Error (Binance Kline 5m): 451, message='Invalid response status', url='wss://stream.binance.com:9443/ws/btcusdt@kline_5m'
WS Error (Binance Kline 1m): 451, message='Invalid response status', url='wss://stream.binance.com:9443/ws/btcusdt@kline_1m'
WS Error (Binance Kline 5m): 451, message='Invalid response status', url='wss://stream.binance.com:9443/ws/btcusdt@kline_5m'
WS Error (Binance Kline 1m): 451, message='Invalid response status', url='wss://stream.binance.com:9443/ws/btcusdt@kline_1m'
WS Error (Binance): 451, message='Invalid response status', url='wss://stream.binance.com:9443/ws/btcusdt@trade'
WS Error (Binance Kline 1m): 451, message='Invalid response status', url='wss://stream.binance.com:9443/ws/btcusdt@kline_1m'
WS Error (Binance): 451, message='Invalid response status', url='wss://stream.binance.com:9443/ws/btcusdt@trade'
WS Error (Binance Kline 5m): 451, message='Invalid response status', url='wss://stream.binance.com:9443/ws/btcusdt@kline_5m'
WS Error (Binance): 451, message='Invalid response status', url='wss://stream.binance.com:9443/ws/btcusdt@trade'
WS Error (Binance Kline 1m): 451, message='Invalid response status', url='wss://stream.binance.com:9443/ws/btcusdt@kline_1m'
WS Error (Binance Kline 5m): 451, message='Invalid response status', url='wss://stream.binance.com:9443/ws/btcusdt@kline_5m'
WS Error (Binance): 451, message='Invalid response status', url='wss://stream.binance.com:9443/ws/btcusdt@trade'
WS Error (Binance Kline 1m): 451, message='Invalid response status', url='wss://stream.binance.com:9443/ws/btcusdt@kline_1m'
WS Error (Binance Kline 5m): 451, message='Invalid response status', url='wss://stream.binance.com:9443/ws/btcusdt@kline_5m'
WS Error (Binance Kline 5m): 451, message='Invalid response status', url='wss://stream.binance.com:9443/ws/btcusdt@kline_5m'
WS Error (Binance Kline 1m): 451, message='Invalid response status', url='wss://stream.binance.com:9443/ws/btcusdt@kline_1m'
WS Error (Binance): 451, message='Invalid response status', url='wss://stream.binance.com:9443/ws/btcusdt@trade'
WS Error (Binance Kline 1m): 451, message='Invalid response status', url='wss://stream.binance.com:9443/ws/btcusdt@kline_1m'
WS Error (Binance Kline 5m): 451, message='Invalid response status', url='wss://stream.binance.com:9443/ws/btcusdt@kline_5m'
WS Error (Binance): 451, message='Invalid response status', url='wss://stream.binance.com:9443/ws/btcusdt@trade'
WS Error (Binance Kline 5m): 451, message='Invalid response status', url='wss://stream.binance.com:9443/ws/btcusdt@kline_5m'
WS Error (Binance Kline 1m): 451, message='Invalid response status', url='wss://stream.binance.com:9443/ws/btcusdt@kline_1m'
WS Error (Binance): 451, message='Invalid response status', url='wss://stream.binance.com:9443/ws/btcusdt@trade'
WS Error (Binance): 451, message='Invalid response status', url='wss://stream.binance.com:9443/ws/btcusdt@trade'
WS Error (Binance Kline 5m): 451, message='Invalid response status', url='wss://stream.binance.com:9443/ws/btcusdt@kline_5m'
WS Error (Binance Kline 1m): 451, message='Invalid response status', url='wss://stream.binance.com:9443/ws/btcusdt@kline_1m'
Connected to Chainlink RPC WS: wss://polygon-bor-rpc.publicnode.com
WS Error (Binance Kline 5m): 451, message='Invalid response status', url='wss://stream.binance.com:9443/ws/btcusdt@kline_5m'
WS Error (Binance): 451, message='Invalid response status', url='wss://stream.binance.com:9443/ws/btcusdt@trade'
WS Error (Binance Kline 1m): 451, message='Invalid response status', url='wss://stream.binance.com:9443/ws/btcusdt@kline_1m'
WS Error (Binance): 451, message='Invalid response status', url='wss://stream.binance.com:9443/ws/btcusdt@trade'
WS Error (Binance Kline 1m): 451, message='Invalid response status', url='wss://stream.binance.com:9443/ws/btcusdt@kline_1m'
WS Error (Binance Kline 5m): 451, message='Invalid response status', url='wss://stream.binance.com:9443/ws/btcusdt@kline_5m'
WS Error (Binance): 451, message='Invalid response status', url='wss://stream.binance.com:9443/ws/btcusdt@trade'
WS Error (Binance Kline 5m): 451, message='Invalid response status', url='wss://stream.binance.com:9443/ws/btcusdt@kline_5m'
WS Error (Binance Kline 1m): 451, message='Invalid response status', url='wss://stream.binance.com:9443/ws/btcusdt@kline_1m'
WS Error (Binance Kline 5m): 451, message='Invalid response status', url='wss://stream.binance.com:9443/ws/btcusdt@kline_5m'
WS Error (Binance Kline 1m): 451, message='Invalid response status', url='wss://stream.binance.com:9443/ws/btcusdt@kline_1m'
WS Error (Binance): 451, message='Invalid response status', url='wss://stream.binance.com:9443/ws/btcusdt@trade'
WS Error (Binance Kline 1m): 451, message='Invalid response status', url='wss://stream.binance.com:9443/ws/btcusdt@kline_1m'
WS Error (Binance Kline 5m): 451, message='Invalid response status', url='wss://stream.binance.com:9443/ws/btcusdt@kline_5m'
WS Error (Binance): 451, message='Invalid response status', url='wss://stream.binance.com:9443/ws/btcusdt@trade'
WS Error (Binance): 451, message='Invalid response status', url='wss://stream.binance.com:9443/ws/btcusdt@trade'
WS Error (Binance Kline 1m): 451, message='Invalid response status', url='wss://stream.binance.com:9443/ws/btcusdt@kline_1m'
WS Error (Binance Kline 5m): 451, message='Invalid response status', url='wss://stream.binance.com:9443/ws/btcusdt@kline_5m'
WS Error (Binance Kline 5m): 451, message='Invalid response status', url='wss://stream.binance.com:9443/ws/btcusdt@kline_5m'
WS Error (Binance Kline 1m): 451, message='Invalid response status', url='wss://stream.binance.com:9443/ws/btcusdt@kline_1m'
WS Error (Binance): 451, message='Invalid response status', url='wss://stream.binance.com:9443/ws/btcusdt@trade'
WS Error (Binance Kline 5m): 451, message='Invalid response status', url='wss://stream.binance.com:9443/ws/btcusdt@kline_5m'
WS Error (Binance): 451, message='Invalid response status', url='wss://stream.binance.com:9443/ws/btcusdt@trade'
WS Error (Binance Kline 1m): 451, message='Invalid response status', url='wss://stream.binance.com:9443/ws/btcusdt@kline_1m'
WS Error (Binance Kline 5m): 451, message='Invalid response status', url='wss://stream.binance.com:9443/ws/btcusdt@kline_5m'
WS Error (Binance): 451, message='Invalid response status', url='wss://stream.binance.com:9443/ws/btcusdt@trade'
WS Error (Binance Kline 1m): 451, message='Invalid response status', url='wss://stream.binance.com:9443/ws/btcusdt@kline_1m'
WS Error (Binance Kline 1m): 451, message='Invalid response status', url='wss://stream.binance.com:9443/ws/btcusdt@kline_1m'
WS Error (Binance): 451, message='Invalid response status', url='wss://stream.binance.com:9443/ws/btcusdt@trade'
WS Error (Binance Kline 5m): 451, message='Invalid response status', url='wss://stream.binance.com:9443/ws/btcusdt@kline_5m'
WS Error (Binance): 451, message='Invalid response status', url='wss://stream.binance.com:9443/ws/btcusdt@trade'
WS Error (Binance Kline 1m): 451, message='Invalid response status', url='wss://stream.binance.com:9443/ws/btcusdt@kline_1m'
WS Error (Binance Kline 5m): 451, message='Invalid response status', url='wss://stream.binance.com:9443/ws/btcusdt@kline_5m'
WS Error (Binance): 451, message='Invalid response status', url='wss://stream.binance.com:9443/ws/btcusdt@trade'
WS Error (Binance Kline 1m): 451, message='Invalid response status', url='wss://stream.binance.com:9443/ws/btcusdt@kline_1m'
WS Error (Binance Kline 5m): 451, message='Invalid response status', url='wss://stream.binance.com:9443/ws/btcusdt@kline_5m'
WS Error (Binance Kline 5m): 451, message='Invalid response status', url='wss://stream.binance.com:9443/ws/btcusdt@kline_5m'
WS Error (Binance): 451, message='Invalid response status', url='wss://stream.binance.com:9443/ws/btcusdt@trade'
WS Error (Binance Kline 1m): 451, message='Invalid response status', url='wss://stream.binance.com:9443/ws/btcusdt@kline_1m'
WS Error (Binance Kline 5m): 451, message='Invalid response status', url='wss://stream.binance.com:9443/ws/btcusdt@kline_5m'
WS Error (Binance Kline 1m): 451, message='Invalid response status', url='wss://stream.binance.com:9443/ws/btcusdt@kline_1m'
WS Error (Binance): 451, message='Invalid response status', url='wss://stream.binance.com:9443/ws/btcusdt@trade'
WS Error (Binance): 451, message='Invalid response status', url='wss://stream.binance.com:9443/ws/btcusdt@trade'
WS Error (Binance Kline 1m): 451, message='Invalid response status', url='wss://stream.binance.com:9443/ws/btcusdt@kline_1m'
WS Error (Binance Kline 5m): 451, message='Invalid response status', url='wss://stream.binance.com:9443/ws/btcusdt@kline_5m'
WS Error (Binance Kline 1m): 451, message='Invalid response status', url='wss://stream.binance.com:9443/ws/btcusdt@kline_1m'
WS Error (Binance): 451, message='Invalid response status', url='wss://stream.binance.com:9443/ws/btcusdt@trade'
WS Error (Binance Kline 5m): 451, message='Invalid response status', url='wss://stream.binance.com:9443/ws/btcusdt@kline_5m'
WS Error (Binance Kline 1m): 451, message='Invalid response status', url='wss://stream.binance.com:9443/ws/btcusdt@kline_1m'
WS Error (Binance): 451, message='Invalid response status', url='wss://stream.binance.com:9443/ws/btcusdt@trade'
WS Error (Binance Kline 5m): 451, message='Invalid response status', url='wss://stream.binance.com:9443/ws/btcusdt@kline_5m'
WS Error (Binance Kline 1m): 451, message='Invalid response status', url='wss://stream.binance.com:9443/ws/btcusdt@kline_1m'
WS Error (Binance): 451, message='Invalid response status', url='wss://stream.binance.com:9443/ws/btcusdt@trade'
WS Error (Binance Kline 5m): 451, message='Invalid response status', url='wss://stream.binance.com:9443/ws/btcusdt@kline_5m'
WS Error (Binance): 451, message='Invalid response status', url='wss://stream.binance.com:9443/ws/btcusdt@trade'
WS Error (Binance Kline 1m): 451, message='Invalid response status', url='wss://stream.binance.com:9443/ws/btcusdt@kline_1m'
WS Error (Binance Kline 5m): 451, message='Invalid response status', url='wss://stream.binance.com:9443/ws/btcusdt@kline_5m'
WS Error (Binance): 451, message='Invalid response status', url='wss://stream.binance.com:9443/ws/btcusdt@trade'
WS Error (Binance Kline 1m): 451, message='Invalid response status', url='wss://stream.binance.com:9443/ws/btcusdt@kline_1m'
WS Error (Binance Kline 5m): 451, message='Invalid response status', url='wss://stream.binance.com:9443/ws/btcusdt@kline_5m'
WS Error (Binance): 451, message='Invalid response status', url='wss://stream.binance.com:9443/ws/btcusdt@trade'
WS Error (Binance Kline 1m): 451, message='Invalid response status', url='wss://stream.binance.com:9443/ws/btcusdt@kline_1m'
WS Error (Binance Kline 5m): 451, message='Invalid response status', url='wss://stream.binance.com:9443/ws/btcusdt@kline_5m'
WS Error (Binance Kline 5m): 451, message='Invalid response status', url='wss://stream.binance.com:9443/ws/btcusdt@kline_5m'
WS Error (Binance): 451, message='Invalid response status', url='wss://stream.binance.com:9443/ws/btcusdt@trade'
WS Error (Binance Kline 1m): 451, message='Invalid response status', url='wss://stream.binance.com:9443/ws/btcusdt@kline_1m'
WS Error (Binance Kline 5m): 451, message='Invalid response status', url='wss://stream.binance.com:9443/ws/btcusdt@kline_5m'
WS Error (Binance): 451, message='Invalid response status', url='wss://stream.binance.com:9443/ws/btcusdt@trade'
WS Error (Binance Kline 1m): 451, message='Invalid response status', url='wss://stream.binance.com:9443/ws/btcusdt@kline_1m'
WS Error (Binance Kline 1m): 451, message='Invalid response status', url='wss://stream.binance.com:9443/ws/btcusdt@kline_1m'
WS Error (Binance Kline 5m): 451, message='Invalid response status', url='wss://stream.binance.com:9443/ws/btcusdt@kline_5m'
WS Error (Binance): 451, message='Invalid response status', url='wss://stream.binance.com:9443/ws/btcusdt@trade'
WS Error (Binance Kline 5m): 451, message='Invalid response status', url='wss://stream.binance.com:9443/ws/btcusdt@kline_5m'
WS Error (Binance Kline 1m): 451, message='Invalid response status', url='wss://stream.binance.com:9443/ws/btcusdt@kline_1m'
WS Error (Binance): 451, message='Invalid response status', url='wss://stream.binance.com:9443/ws/btcusdt@trade'
WS Error (Binance): 451, message='Invalid response status', url='wss://stream.binance.com:9443/ws/btcusdt@trade'
WS Error (Binance Kline 1m): 451, message='Invalid response status', url='wss://stream.binance.com:9443/ws/btcusdt@kline_1m'
WS Error (Binance Kline 5m): 451, message='Invalid response status', url='wss://stream.binance.com:9443/ws/btcusdt@kline_5m'
WS Error (Binance Kline 5m): 451, message='Invalid response status', url='wss://stream.binance.com:9443/ws/btcusdt@kline_5m'
WS Error (Binance): 451, message='Invalid response status', url='wss://stream.binance.com:9443/ws/btcusdt@trade'
WS Error (Binance Kline 1m): 451, message='Invalid response status', url='wss://stream.binance.com:9443/ws/btcusdt@kline_1m'
WS Error (Binance Kline 1m): 451, message='Invalid response status', url='wss://stream.binance.com:9443/ws/btcusdt@kline_1m'
WS Error (Binance Kline 5m): 451, message='Invalid response status', url='wss://stream.binance.com:9443/ws/btcusdt@kline_5m'
WS Error (Binance): 451, message='Invalid response status', url='wss://stream.binance.com:9443/ws/btcusdt@trade'