INFO:     Started server process [935598]
INFO:     Waiting for application startup.
INFO:     Application startup complete.
INFO:     Uvicorn running on http://0.0.0.0:8000 (Press CTRL+C to quit)
Error in update loop: Client error '451 ' for url 'https://api.binance.com/api/v3/klines?symbol=BTCUSDT&interval=1m&limit=240'
For more information check: https://developer.mozilla.org/en-US/docs/Web/HTTP/Status/451
WS Error (Polymarket): Expecting value: line 1 column 1 (char 0)
WS Error (Binance): server rejected WebSocket connection: HTTP 451
Error in update loop: Client error '451 ' for url 'https://api.binance.com/api/v3/klines?symbol=BTCUSDT&interval=5m&limit=200'
For more information check: https://developer.mozilla.org/en-US/docs/Web/HTTP/Status/451
WS Error (Polymarket): Expecting value: line 1 column 1 (char 0)
WS Error (Binance): server rejected WebSocket connection: HTTP 451
Error in update loop: Client error '451 ' for url 'https://api.binance.com/api/v3/klines?symbol=BTCUSDT&interval=5m&limit=200'
For more information check: https://developer.mozilla.org/en-US/docs/Web/HTTP/Status/451
WS Error (Polymarket): Expecting value: line 1 column 1 (char 0)
WS Error (Binance): server rejected WebSocket connection: HTTP 451
Error in update loop: Client error '451 ' for url 'https://api.binance.com/api/v3/ticker/price?symbol=BTCUSDT'
For more information check: https://developer.mozilla.org/en-US/docs/Web/HTTP/Status/451
WS Error (Polymarket): Expecting value: line 1 column 1 (char 0)
WS Error (Binance): server rejected WebSocket connection: HTTP 451
Error in update loop: Client error '451 ' for url 'https://api.binance.com/api/v3/klines?symbol=BTCUSDT&interval=1m&limit=240'
For more information check: https://developer.mozilla.org/en-US/docs/Web/HTTP/Status/451
WS Error (Polymarket): Expecting value: line 1 column 1 (char 0)
WS Error (Binance): server rejected WebSocket connection: HTTP 451
Error in update loop: Client error '451 ' for url 'https://api.binance.com/api/v3/klines?symbol=BTCUSDT&interval=1m&limit=240'
For more information check: https://developer.mozilla.org/en-US/docs/Web/HTTP/Status/451
WS Error (Polymarket): Expecting value: line 1 column 1 (char 0)
WS Error (Binance): server rejected WebSocket connection: HTTP 451
Error in update loop: Client error '451 ' for url 'https://api.binance.com/api/v3/klines?symbol=BTCUSDT&interval=1m&limit=240'
For more information check: https://developer.mozilla.org/en-US/docs/Web/HTTP/Status/451
WS Error (Polymarket): Expecting value: line 1 column 1 (char 0)
WS Error (Binance): server rejected WebSocket connection: HTTP 451
Error in update loop: Client error '451 ' for url 'https://api.binance.com/api/v3/klines?symbol=BTCUSDT&interval=5m&limit=200'
For more information check: https://developer.mozilla.org/en-US/docs/Web/HTTP/Status/451
WS Error (Polymarket): Expecting value: line 1 column 1 (char 0)
WS Error (Binance): server rejected WebSocket connection: HTTP 451
Error in update loop: Client error '451 ' for url 'https://api.binance.com/api/v3/klines?symbol=BTCUSDT&interval=1m&limit=240'
For more information check: https://developer.mozilla.org/en-US/docs/Web/HTTP/Status/451
WS Error (Polymarket): Expecting value: line 1 column 1 (char 0)
WS Error (Binance): server rejected WebSocket connection: HTTP 451
Error in update loop: Client error '451 ' for url 'https://api.binance.com/api/v3/ticker/price?symbol=BTCUSDT'
For more information check: https://developer.mozilla.org/en-US/docs/Web/HTTP/Status/451
WS Error (Polymarket): Expecting value: line 1 column 1 (char 0)
WS Error (Binance): server rejected WebSocket connection: HTTP 451
Error in update loop: Client error '451 ' for url 'https://api.binance.com/api/v3/klines?symbol=BTCUSDT&interval=1m&limit=240'
For more information check: https://developer.mozilla.org/en-US/docs/Web/HTTP/Status/451
WS Error (Polymarket): Expecting value: line 1 column 1 (char 0)
WS Error (Binance): server rejected WebSocket connection: HTTP 451
Error in update loop: Client error '451 ' for url 'https://api.binance.com/api/v3/klines?symbol=BTCUSDT&interval=5m&limit=200'
For more information check: https://developer.mozilla.org/en-US/docs/Web/HTTP/Status/451
WS Error (Polymarket): Expecting value: line 1 column 1 (char 0)
WS Error (Binance): server rejected WebSocket connection: HTTP 451
Error in update loop: Client error '451 ' for url 'https://api.binance.com/api/v3/klines?symbol=BTCUSDT&interval=1m&limit=240'
For more information check: https://developer.mozilla.org/en-US/docs/Web/HTTP/Status/451
WS Error (Polymarket): Expecting value: line 1 column 1 (char 0)
WS Error (Binance): server rejected WebSocket connection: HTTP 451
Error in update loop: Client error '451 ' for url 'https://api.binance.com/api/v3/klines?symbol=BTCUSDT&interval=1m&limit=240'
For more information check: https://developer.mozilla.org/en-US/docs/Web/HTTP/Status/451
WS Error (Polymarket): Expecting value: line 1 column 1 (char 0)
WS Error (Binance): server rejected WebSocket connection: HTTP 451
Error in update loop: Client error '451 ' for url 'https://api.binance.com/api/v3/klines?symbol=BTCUSDT&interval=1m&limit=240'
For more information check: https://developer.mozilla.org/en-US/docs/Web/HTTP/Status/451
WS Error (Polymarket): Expecting value: line 1 column 1 (char 0)
WS Error (Binance): server rejected WebSocket connection: HTTP 451
Error in update loop: Client error '451 ' for url 'https://api.binance.com/api/v3/ticker/price?symbol=BTCUSDT'
For more information check: https://developer.mozilla.org/en-US/docs/Web/HTTP/Status/451
WS Error (Polymarket): Expecting value: line 1 column 1 (char 0)
WS Error (Binance): server rejected WebSocket connection: HTTP 451
Error in update loop: Client error '451 ' for url 'https://api.binance.com/api/v3/klines?symbol=BTCUSDT&interval=1m&limit=240'
For more information check: https://developer.mozilla.org/en-US/docs/Web/HTTP/Status/451
WS Error (Polymarket): Expecting value: line 1 column 1 (char 0)
WS Error (Binance): server rejected WebSocket connection: HTTP 451
Error in update loop: Client error '451 ' for url 'https://api.binance.com/api/v3/klines?symbol=BTCUSDT&interval=1m&limit=240'
For more information check: https://developer.mozilla.org/en-US/docs/Web/HTTP/Status/451
WS Error (Polymarket): Expecting value: line 1 column 1 (char 0)
WS Error (Binance): server rejected WebSocket connection: HTTP 451
Error in update loop: Client error '451 ' for url 'https://api.binance.com/api/v3/ticker/price?symbol=BTCUSDT'
For more information check: https://developer.mozilla.org/en-US/docs/Web/HTTP/Status/451
WS Error (Polymarket): Expecting value: line 1 column 1 (char 0)
WS Error (Binance): server rejected WebSocket connection: HTTP 451
Error in update loop: Client error '451 ' for url 'https://api.binance.com/api/v3/klines?symbol=BTCUSDT&interval=1m&limit=240'
For more information check: https://developer.mozilla.org/en-US/docs/Web/HTTP/Status/451
WS Error (Polymarket): Expecting value: line 1 column 1 (char 0)
WS Error (Binance): server rejected WebSocket connection: HTTP 451
Error in update loop: Client error '451 ' for url 'https://api.binance.com/api/v3/klines?symbol=BTCUSDT&interval=1m&limit=240'
For more information check: https://developer.mozilla.org/en-US/docs/Web/HTTP/Status/451
WS Error (Polymarket): Expecting value: line 1 column 1 (char 0)
WS Error (Binance): server rejected WebSocket connection: HTTP 451
Error in update loop: Client error '451 ' for url 'https://api.binance.com/api/v3/klines?symbol=BTCUSDT&interval=1m&limit=240'
For more information check: https://developer.mozilla.org/en-US/docs/Web/HTTP/Status/451
WS Error (Polymarket): Expecting value: line 1 column 1 (char 0)
WS Error (Binance): server rejected WebSocket connection: HTTP 451
Error in update loop: Client error '451 ' for url 'https://api.binance.com/api/v3/ticker/price?symbol=BTCUSDT'
For more information check: https://developer.mozilla.org/en-US/docs/Web/HTTP/Status/451
WS Error (Polymarket): Expecting value: line 1 column 1 (char 0)
WS Error (Binance): server rejected WebSocket connection: HTTP 451
Error in update loop: Client error '451 ' for url 'https://api.binance.com/api/v3/klines?symbol=BTCUSDT&interval=1m&limit=240'
For more information check: https://developer.mozilla.org/en-US/docs/Web/HTTP/Status/451
WS Error (Polymarket): Expecting value: line 1 column 1 (char 0)
WS Error (Binance): server rejected WebSocket connection: HTTP 451
Error in update loop: Client error '451 ' for url 'https://api.binance.com/api/v3/klines?symbol=BTCUSDT&interval=5m&limit=200'
For more information check: https://developer.mozilla.org/en-US/docs/Web/HTTP/Status/451
WS Error (Polymarket): Expecting value: line 1 column 1 (char 0)
WS Error (Binance): server rejected WebSocket connection: HTTP 451
Error in update loop: Client error '451 ' for url 'https://api.binance.com/api/v3/ticker/price?symbol=BTCUSDT'
For more information check: https://developer.mozilla.org/en-US/docs/Web/HTTP/Status/451
WS Error (Polymarket): Expecting value: line 1 column 1 (char 0)
INFO:     127.0.0.1:60398 - "GET /api/available-series HTTP/1.1" 200 OK
WS Error (Binance): server rejected WebSocket connection: HTTP 451
Error in update loop: Client error '451 ' for url 'https://api.binance.com/api/v3/klines?symbol=BTCUSDT&interval=1m&limit=240'
For more information check: https://developer.mozilla.org/en-US/docs/Web/HTTP/Status/451
WS Error (Polymarket): Expecting value: line 1 column 1 (char 0)
WS Error (Binance): server rejected WebSocket connection: HTTP 451
Error in update loop: Client error '451 ' for url 'https://api.binance.com/api/v3/klines?symbol=BTCUSDT&interval=5m&limit=200'
For more information check: https://developer.mozilla.org/en-US/docs/Web/HTTP/Status/451
WS Error (Polymarket): Expecting value: line 1 column 1 (char 0)
WS Error (Binance): server rejected WebSocket connection: HTTP 451
Error in update loop: Client error '451 ' for url 'https://api.binance.com/api/v3/klines?symbol=BTCUSDT&interval=1m&limit=240'
For more information check: https://developer.mozilla.org/en-US/docs/Web/HTTP/Status/451
WS Error (Polymarket): Expecting value: line 1 column 1 (char 0)
WS Error (Binance): server rejected WebSocket connection: HTTP 451
Error in update loop: Client error '451 ' for url 'https://api.binance.com/api/v3/klines?symbol=BTCUSDT&interval=1m&limit=240'
For more information check: https://developer.mozilla.org/en-US/docs/Web/HTTP/Status/451
WS Error (Polymarket): Expecting value: line 1 column 1 (char 0)
WS Error (Binance): server rejected WebSocket connection: HTTP 451
Error in update loop: Client error '451 ' for url 'https://api.binance.com/api/v3/klines?symbol=BTCUSDT&interval=1m&limit=240'
For more information check: https://developer.mozilla.org/en-US/docs/Web/HTTP/Status/451
WS Error (Polymarket): Expecting value: line 1 column 1 (char 0)
WS Error (Binance): server rejected WebSocket connection: HTTP 451
Error in update loop: Client error '451 ' for url 'https://api.binance.com/api/v3/klines?symbol=BTCUSDT&interval=5m&limit=200'
For more information check: https://developer.mozilla.org/en-US/docs/Web/HTTP/Status/451
WS Error (Polymarket): Expecting value: line 1 column 1 (char 0)
WS Error (Binance): server rejected WebSocket connection: HTTP 451
Error in update loop: Client error '451 ' for url 'https://api.binance.com/api/v3/klines?symbol=BTCUSDT&interval=1m&limit=240'
For more information check: https://developer.mozilla.org/en-US/docs/Web/HTTP/Status/451
WS Error (Polymarket): Expecting value: line 1 column 1 (char 0)
WS Error (Binance): server rejected WebSocket connection: HTTP 451
Error in update loop: Client error '451 ' for url 'https://api.binance.com/api/v3/klines?symbol=BTCUSDT&interval=1m&limit=240'
For more information check: https://developer.mozilla.org/en-US/docs/Web/HTTP/Status/451
WS Error (Polymarket): Expecting value: line 1 column 1 (char 0)
WS Error (Binance): server rejected WebSocket connection: HTTP 451
Error in update loop: Client error '451 ' for url 'https://api.binance.com/api/v3/klines?symbol=BTCUSDT&interval=1m&limit=240'
For more information check: https://developer.mozilla.org/en-US/docs/Web/HTTP/Status/451
WS Error (Polymarket): Expecting value: line 1 column 1 (char 0)
WS Error (Binance): server rejected WebSocket connection: HTTP 451
Error in update loop: Client error '451 ' for url 'https://api.binance.com/api/v3/klines?symbol=BTCUSDT&interval=1m&limit=240'
For more information check: https://developer.mozilla.org/en-US/docs/Web/HTTP/Status/451
WS Error (Polymarket): Expecting value: line 1 column 1 (char 0)
WS Error (Binance): server rejected WebSocket connection: HTTP 451
Error in update loop: Client error '451 ' for url 'https://api.binance.com/api/v3/klines?symbol=BTCUSDT&interval=5m&limit=200'
For more information check: https://developer.mozilla.org/en-US/docs/Web/HTTP/Status/451
WS Error (Polymarket): Expecting value: line 1 column 1 (char 0)
WS Error (Binance): server rejected WebSocket connection: HTTP 451
Error in update loop: Client error '451 ' for url 'https://api.binance.com/api/v3/klines?symbol=BTCUSDT&interval=1m&limit=240'
For more information check: https://developer.mozilla.org/en-US/docs/Web/HTTP/Status/451
WS Error (Polymarket): Expecting value: line 1 column 1 (char 0)
WS Error (Binance): server rejected WebSocket connection: HTTP 451
Error in update loop: Client error '451 ' for url 'https://api.binance.com/api/v3/klines?symbol=BTCUSDT&interval=1m&limit=240'
For more information check: https://developer.mozilla.org/en-US/docs/Web/HTTP/Status/451
WS Error (Polymarket): Expecting value: line 1 column 1 (char 0)
WS Error (Binance): server rejected WebSocket connection: HTTP 451
Error in update loop: Client error '451 ' for url 'https://api.binance.com/api/v3/klines?symbol=BTCUSDT&interval=5m&limit=200'
For more information check: https://developer.mozilla.org/en-US/docs/Web/HTTP/Status/451
WS Error (Polymarket): Expecting value: line 1 column 1 (char 0)
WS Error (Binance): server rejected WebSocket connection: HTTP 451
Error in update loop: Client error '451 ' for url 'https://api.binance.com/api/v3/ticker/price?symbol=BTCUSDT'
For more information check: https://developer.mozilla.org/en-US/docs/Web/HTTP/Status/451
WS Error (Polymarket): Expecting value: line 1 column 1 (char 0)
WS Error (Binance): server rejected WebSocket connection: HTTP 451
Error in update loop: Client error '451 ' for url 'https://api.binance.com/api/v3/klines?symbol=BTCUSDT&interval=5m&limit=200'
For more information check: https://developer.mozilla.org/en-US/docs/Web/HTTP/Status/451
WS Error (Polymarket): Expecting value: line 1 column 1 (char 0)
WS Error (Binance): server rejected WebSocket connection: HTTP 451
Error in update loop: Client error '451 ' for url 'https://api.binance.com/api/v3/klines?symbol=BTCUSDT&interval=1m&limit=240'
For more information check: https://developer.mozilla.org/en-US/docs/Web/HTTP/Status/451
WS Error (Polymarket): Expecting value: line 1 column 1 (char 0)
WS Error (Binance): server rejected WebSocket connection: HTTP 451
Error in update loop: Client error '451 ' for url 'https://api.binance.com/api/v3/klines?symbol=BTCUSDT&interval=5m&limit=200'
For more information check: https://developer.mozilla.org/en-US/docs/Web/HTTP/Status/451
WS Error (Polymarket): Expecting value: line 1 column 1 (char 0)
WS Error (Binance): server rejected WebSocket connection: HTTP 451
Error in update loop: Client error '451 ' for url 'https://api.binance.com/api/v3/klines?symbol=BTCUSDT&interval=1m&limit=240'
For more information check: https://developer.mozilla.org/en-US/docs/Web/HTTP/Status/451
WS Error (Polymarket): Expecting value: line 1 column 1 (char 0)
WS Error (Binance): server rejected WebSocket connection: HTTP 451
Error in update loop: Client error '451 ' for url 'https://api.binance.com/api/v3/klines?symbol=BTCUSDT&interval=5m&limit=200'
For more information check: https://developer.mozilla.org/en-US/docs/Web/HTTP/Status/451
WS Error (Polymarket): Expecting value: line 1 column 1 (char 0)
WS Error (Binance): server rejected WebSocket connection: HTTP 451
Error in update loop: Client error '451 ' for url 'https://api.binance.com/api/v3/klines?symbol=BTCUSDT&interval=1m&limit=240'
For more information check: https://developer.mozilla.org/en-US/docs/Web/HTTP/Status/451
WS Error (Polymarket): Expecting value: line 1 column 1 (char 0)
WS Error (Binance): server rejected WebSocket connection: HTTP 451
Error in update loop: Client error '451 ' for url 'https://api.binance.com/api/v3/klines?symbol=BTCUSDT&interval=1m&limit=240'
For more information check: https://developer.mozilla.org/en-US/docs/Web/HTTP/Status/451
WS Error (Polymarket): Expecting value: line 1 column 1 (char 0)
WS Error (Binance): server rejected WebSocket connection: HTTP 451
Error in update loop: Client error '451 ' for url 'https://api.binance.com/api/v3/klines?symbol=BTCUSDT&interval=1m&limit=240'
For more information check: https://developer.mozilla.org/en-US/docs/Web/HTTP/Status/451
WS Error (Polymarket): Expecting value: line 1 column 1 (char 0)
WS Error (Binance): server rejected WebSocket connection: HTTP 451
Error in update loop: Client error '451 ' for url 'https://api.binance.com/api/v3/ticker/price?symbol=BTCUSDT'
For more information check: https://developer.mozilla.org/en-US/docs/Web/HTTP/Status/451