INFO:     Started server process [3507241]
INFO:     Waiting for application startup.
INFO:     Application startup complete.
INFO:     Uvicorn running on http://0.0.0.0:8000 (Press CTRL+C to quit)
[09:41:13] State loaded from state_data.json
[09:41:13] Failed to seed kline buffers: Client error '451 ' for url 'https://api.binance.com/api/v3/klines?symbol=BTCUSDT&interval=1m&limit=240'
For more information check: https://developer.mozilla.org/en-US/docs/Web/HTTP/Status/451
Connected to Chainlink RPC WS: wss://polygon-bor-rpc.publicnode.com
Connected to Polymarket WS. Filter: btc
Binance Kline WS failed: 451, message='Invalid response status', url='wss://stream.binance.com:9443/ws/btcusdt@kline_5m'
Binance Kline WS failed: 451, message='Invalid response status', url='wss://stream.binance.com:9443/ws/btcusdt@kline_1m'
Binance trade WS failed: 451, message='Invalid response status', url='wss://stream.binance.com:9443/ws/btcusdt@trade'
Binance trade WS failed: 451, message='Invalid response status', url='wss://stream.binance.com:9443/ws/btcusdt@trade'
Binance Kline WS failed: 451, message='Invalid response status', url='wss://stream.binance.com:9443/ws/btcusdt@kline_1m'
Binance trade WS failed: 451, message='Invalid response status', url='wss://stream.binance.com:9443/ws/btcusdt@trade'
Binance Kline WS failed: 451, message='Invalid response status', url='wss://stream.binance.com:9443/ws/btcusdt@kline_5m'
Binance trade WS failed: 451, message='Invalid response status', url='wss://stream.binance.com:9443/ws/btcusdt@trade'
Binance Kline WS failed: 451, message='Invalid response status', url='wss://stream.binance.com:9443/ws/btcusdt@kline_1m'
Binance trade WS failed: 451, message='Invalid response status', url='wss://stream.binance.com:9443/ws/btcusdt@trade'
Binance Kline WS failed: 451, message='Invalid response status', url='wss://stream.binance.com:9443/ws/btcusdt@kline_5m'
Binance trade WS failed: 451, message='Invalid response status', url='wss://stream.binance.com:9443/ws/btcusdt@trade'
Binance trade WS failed: 451, message='Invalid response status', url='wss://stream.binance.com:9443/ws/btcusdt@trade'
Binance Kline WS failed: 451, message='Invalid response status', url='wss://stream.binance.com:9443/ws/btcusdt@kline_5m'
Binance Kline WS failed: 451, message='Invalid response status', url='wss://stream.binance.com:9443/ws/btcusdt@kline_1m'
Binance trade WS failed: 451, message='Invalid response status', url='wss://stream.binance.com:9443/ws/btcusdt@trade'
Binance Kline WS failed: 451, message='Invalid response status', url='wss://stream.binance.com:9443/ws/btcusdt@kline_5m'
Binance Kline WS failed: 451, message='Invalid response status', url='wss://stream.binance.com:9443/ws/btcusdt@kline_1m'
Binance trade WS failed: 451, message='Invalid response status', url='wss://stream.binance.com:9443/ws/btcusdt@trade'
Binance trade WS failed: 451, message='Invalid response status', url='wss://stream.binance.com:9443/ws/btcusdt@trade'
Binance Kline WS failed: 451, message='Invalid response status', url='wss://stream.binance.com:9443/ws/btcusdt@kline_5m'
Binance Kline WS failed: 451, message='Invalid response status', url='wss://stream.binance.com:9443/ws/btcusdt@kline_1m'
Binance trade WS failed: 451, message='Invalid response status', url='wss://stream.binance.com:9443/ws/btcusdt@trade'
Binance trade WS failed: 451, message='Invalid response status', url='wss://stream.binance.com:9443/ws/btcusdt@trade'
Binance Kline WS failed: 451, message='Invalid response status', url='wss://stream.binance.com:9443/ws/btcusdt@kline_5m'
Binance Kline WS failed: 451, message='Invalid response status', url='wss://stream.binance.com:9443/ws/btcusdt@kline_1m'
Binance trade WS failed: 451, message='Invalid response status', url='wss://stream.binance.com:9443/ws/btcusdt@trade'
Binance trade WS failed: 451, message='Invalid response status', url='wss://stream.binance.com:9443/ws/btcusdt@trade'
Binance Kline WS failed: 451, message='Invalid response status', url='wss://stream.binance.com:9443/ws/btcusdt@kline_5m'
Binance Kline WS failed: 451, message='Invalid response status', url='wss://stream.binance.com:9443/ws/btcusdt@kline_1m'
Binance trade WS failed: 451, message='Invalid response status', url='wss://stream.binance.com:9443/ws/btcusdt@trade'
Binance trade WS failed: 451, message='Invalid response status', url='wss://stream.binance.com:9443/ws/btcusdt@trade'
Binance Kline WS failed: 451, message='Invalid response status', url='wss://stream.binance.com:9443/ws/btcusdt@kline_1m'
Binance Kline WS failed: 451, message='Invalid response status', url='wss://stream.binance.com:9443/ws/btcusdt@kline_5m'
Binance trade WS failed: 451, message='Invalid response status', url='wss://stream.binance.com:9443/ws/btcusdt@trade'
Binance trade WS failed: 451, message='Invalid response status', url='wss://stream.binance.com:9443/ws/btcusdt@trade'
Binance Kline WS failed: 451, message='Invalid response status', url='wss://stream.binance.com:9443/ws/btcusdt@kline_5m'
Binance Kline WS failed: 451, message='Invalid response status', url='wss://stream.binance.com:9443/ws/btcusdt@kline_1m'
Binance trade WS failed: 451, message='Invalid response status', url='wss://stream.binance.com:9443/ws/btcusdt@trade'
Binance trade WS failed: 451, message='Invalid response status', url='wss://stream.binance.com:9443/ws/btcusdt@trade'
Binance Kline WS failed: 451, message='Invalid response status', url='wss://stream.binance.com:9443/ws/btcusdt@kline_5m'
Binance Kline WS failed: 451, message='Invalid response status', url='wss://stream.binance.com:9443/ws/btcusdt@kline_1m'
Binance trade WS failed: 451, message='Invalid response status', url='wss://stream.binance.com:9443/ws/btcusdt@trade'
Binance trade WS failed: 451, message='Invalid response status', url='wss://stream.binance.com:9443/ws/btcusdt@trade'
Binance Kline WS failed: 451, message='Invalid response status', url='wss://stream.binance.com:9443/ws/btcusdt@kline_1m'
Binance Kline WS failed: 451, message='Invalid response status', url='wss://stream.binance.com:9443/ws/btcusdt@kline_5m'
Binance trade WS failed: 451, message='Invalid response status', url='wss://stream.binance.com:9443/ws/btcusdt@trade'
INFO:     127.0.0.1:57104 - "GET / HTTP/1.1" 200 OK
Binance trade WS failed: 451, message='Invalid response status', url='wss://stream.binance.com:9443/ws/btcusdt@trade'
INFO:     127.0.0.1:57104 - "GET /api/latest HTTP/1.1" 200 OK
INFO:     127.0.0.1:57104 - "GET /api/latest HTTP/1.1" 200 OK
INFO:     127.0.0.1:55172 - "GET /api/logs HTTP/1.1" 200 OK
Binance Kline WS failed: 451, message='Invalid response status', url='wss://stream.binance.com:9443/ws/btcusdt@kline_5m'
Binance Kline WS failed: 451, message='Invalid response status', url='wss://stream.binance.com:9443/ws/btcusdt@kline_1m'
INFO:     127.0.0.1:55178 - "GET /api/latest HTTP/1.1" 200 OK
INFO:     127.0.0.1:55172 - "GET /api/latest HTTP/1.1" 200 OK
Binance trade WS failed: 451, message='Invalid response status', url='wss://stream.binance.com:9443/ws/btcusdt@trade'
Binance trade WS failed: 451, message='Invalid response status', url='wss://stream.binance.com:9443/ws/btcusdt@trade'
Binance Kline WS failed: 451, message='Invalid response status', url='wss://stream.binance.com:9443/ws/btcusdt@kline_5m'
Binance Kline WS failed: 451, message='Invalid response status', url='wss://stream.binance.com:9443/ws/btcusdt@kline_1m'
Binance trade WS failed: 451, message='Invalid response status', url='wss://stream.binance.com:9443/ws/btcusdt@trade'
Binance trade WS failed: 451, message='Invalid response status', url='wss://stream.binance.com:9443/ws/btcusdt@trade'
Binance Kline WS failed: 451, message='Invalid response status', url='wss://stream.binance.com:9443/ws/btcusdt@kline_5m'
Binance Kline WS failed: 451, message='Invalid response status', url='wss://stream.binance.com:9443/ws/btcusdt@kline_1m'
Binance trade WS failed: 451, message='Invalid response status', url='wss://stream.binance.com:9443/ws/btcusdt@trade'
Binance Kline WS failed: 451, message='Invalid response status', url='wss://stream.binance.com:9443/ws/btcusdt@kline_1m'
Binance Kline WS failed: 451, message='Invalid response status', url='wss://stream.binance.com:9443/ws/btcusdt@kline_5m'
Binance trade WS failed: 451, message='Invalid response status', url='wss://stream.binance.com:9443/ws/btcusdt@trade'
Connected to Chainlink RPC WS: wss://polygon-bor-rpc.publicnode.com
Binance trade WS failed: 451, message='Invalid response status', url='wss://stream.binance.com:9443/ws/btcusdt@trade'
Binance Kline WS failed: 451, message='Invalid response status', url='wss://stream.binance.com:9443/ws/btcusdt@kline_1m'
Binance Kline WS failed: 451, message='Invalid response status', url='wss://stream.binance.com:9443/ws/btcusdt@kline_5m'
Binance trade WS failed: 451, message='Invalid response status', url='wss://stream.binance.com:9443/ws/btcusdt@trade'
Binance trade WS failed: 451, message='Invalid response status', url='wss://stream.binance.com:9443/ws/btcusdt@trade'
Binance Kline WS failed: 451, message='Invalid response status', url='wss://stream.binance.com:9443/ws/btcusdt@kline_5m'
Binance Kline WS failed: 451, message='Invalid response status', url='wss://stream.binance.com:9443/ws/btcusdt@kline_1m'
Binance trade WS failed: 451, message='Invalid response status', url='wss://stream.binance.com:9443/ws/btcusdt@trade'
Binance Kline WS failed: 451, message='Invalid response status', url='wss://stream.binance.com:9443/ws/btcusdt@kline_1m'
Binance trade WS failed: 451, message='Invalid response status', url='wss://stream.binance.com:9443/ws/btcusdt@trade'
Binance Kline WS failed: 451, message='Invalid response status', url='wss://stream.binance.com:9443/ws/btcusdt@kline_5m'
Binance trade WS failed: 451, message='Invalid response status', url='wss://stream.binance.com:9443/ws/btcusdt@trade'
Binance Kline WS failed: 451, message='Invalid response status', url='wss://stream.binance.com:9443/ws/btcusdt@kline_5m'
Binance Kline WS failed: 451, message='Invalid response status', url='wss://stream.binance.com:9443/ws/btcusdt@kline_1m'
Binance trade WS failed: 451, message='Invalid response status', url='wss://stream.binance.com:9443/ws/btcusdt@trade'
Binance trade WS failed: 451, message='Invalid response status', url='wss://stream.binance.com:9443/ws/btcusdt@trade'
Binance Kline WS failed: 451, message='Invalid response status', url='wss://stream.binance.com:9443/ws/btcusdt@kline_5m'
Binance Kline WS failed: 451, message='Invalid response status', url='wss://stream.binance.com:9443/ws/btcusdt@kline_1m'
Binance trade WS failed: 451, message='Invalid response status', url='wss://stream.binance.com:9443/ws/btcusdt@trade'
Binance trade WS failed: 451, message='Invalid response status', url='wss://stream.binance.com:9443/ws/btcusdt@trade'
Binance trade WS failed: 451, message='Invalid response status', url='wss://stream.binance.com:9443/ws/btcusdt@trade'
Binance Kline WS failed: 451, message='Invalid response status', url='wss://stream.binance.com:9443/ws/btcusdt@kline_5m'
Binance Kline WS failed: 451, message='Invalid response status', url='wss://stream.binance.com:9443/ws/btcusdt@kline_1m'
Binance trade WS failed: 451, message='Invalid response status', url='wss://stream.binance.com:9443/ws/btcusdt@trade'
Binance trade WS failed: 451, message='Invalid response status', url='wss://stream.binance.com:9443/ws/btcusdt@trade'
Binance Kline WS failed: 451, message='Invalid response status', url='wss://stream.binance.com:9443/ws/btcusdt@kline_5m'
Binance Kline WS failed: 451, message='Invalid response status', url='wss://stream.binance.com:9443/ws/btcusdt@kline_1m'
Binance trade WS failed: 451, message='Invalid response status', url='wss://stream.binance.com:9443/ws/btcusdt@trade'
Binance Kline WS failed: 451, message='Invalid response status', url='wss://stream.binance.com:9443/ws/btcusdt@kline_1m'
Binance trade WS failed: 451, message='Invalid response status', url='wss://stream.binance.com:9443/ws/btcusdt@trade'
Binance Kline WS failed: 451, message='Invalid response status', url='wss://stream.binance.com:9443/ws/btcusdt@kline_5m'
Binance trade WS failed: 451, message='Invalid response status', url='wss://stream.binance.com:9443/ws/btcusdt@trade'
Binance Kline WS failed: 451, message='Invalid response status', url='wss://stream.binance.com:9443/ws/btcusdt@kline_5m'
Binance trade WS failed: 451, message='Invalid response status', url='wss://stream.binance.com:9443/ws/btcusdt@trade'
Binance Kline WS failed: 451, message='Invalid response status', url='wss://stream.binance.com:9443/ws/btcusdt@kline_1m'
Binance trade WS failed: 451, message='Invalid response status', url='wss://stream.binance.com:9443/ws/btcusdt@trade'
Binance Kline WS failed: 451, message='Invalid response status', url='wss://stream.binance.com:9443/ws/btcusdt@kline_5m'
Binance Kline WS failed: 451, message='Invalid response status', url='wss://stream.binance.com:9443/ws/btcusdt@kline_1m'
Binance trade WS failed: 451, message='Invalid response status', url='wss://stream.binance.com:9443/ws/btcusdt@trade'
Binance trade WS failed: 451, message='Invalid response status', url='wss://stream.binance.com:9443/ws/btcusdt@trade'
Binance trade WS failed: 451, message='Invalid response status', url='wss://stream.binance.com:9443/ws/btcusdt@trade'
Binance Kline WS failed: 451, message='Invalid response status', url='wss://stream.binance.com:9443/ws/btcusdt@kline_1m'
Binance Kline WS failed: 451, message='Invalid response status', url='wss://stream.binance.com:9443/ws/btcusdt@kline_5m'
Binance trade WS failed: 451, message='Invalid response status', url='wss://stream.binance.com:9443/ws/btcusdt@trade'
Binance Kline WS failed: 451, message='Invalid response status', url='wss://stream.binance.com:9443/ws/btcusdt@kline_1m'
Binance trade WS failed: 451, message='Invalid response status', url='wss://stream.binance.com:9443/ws/btcusdt@trade'
Binance Kline WS failed: 451, message='Invalid response status', url='wss://stream.binance.com:9443/ws/btcusdt@kline_5m'
Binance trade WS failed: 451, message='Invalid response status', url='wss://stream.binance.com:9443/ws/btcusdt@trade'
Binance Kline WS failed: 451, message='Invalid response status', url='wss://stream.binance.com:9443/ws/btcusdt@kline_1m'
Binance Kline WS failed: 451, message='Invalid response status', url='wss://stream.binance.com:9443/ws/btcusdt@kline_5m'
Binance trade WS failed: 451, message='Invalid response status', url='wss://stream.binance.com:9443/ws/btcusdt@trade'
Binance trade WS failed: 451, message='Invalid response status', url='wss://stream.binance.com:9443/ws/btcusdt@trade'
Binance Kline WS failed: 451, message='Invalid response status', url='wss://stream.binance.com:9443/ws/btcusdt@kline_5m'
Binance Kline WS failed: 451, message='Invalid response status', url='wss://stream.binance.com:9443/ws/btcusdt@kline_1m'
Binance trade WS failed: 451, message='Invalid response status', url='wss://stream.binance.com:9443/ws/btcusdt@trade'
Binance trade WS failed: 451, message='Invalid response status', url='wss://stream.binance.com:9443/ws/btcusdt@trade'
Binance Kline WS failed: 451, message='Invalid response status', url='wss://stream.binance.com:9443/ws/btcusdt@kline_1m'
Binance Kline WS failed: 451, message='Invalid response status', url='wss://stream.binance.com:9443/ws/btcusdt@kline_5m'
Binance trade WS failed: 451, message='Invalid response status', url='wss://stream.binance.com:9443/ws/btcusdt@trade'
Binance trade WS failed: 451, message='Invalid response status', url='wss://stream.binance.com:9443/ws/btcusdt@trade'
Connected to Chainlink RPC WS: wss://polygon-bor-rpc.publicnode.com
Binance Kline WS failed: 451, message='Invalid response status', url='wss://stream.binance.com:9443/ws/btcusdt@kline_5m'
Binance Kline WS failed: 451, message='Invalid response status', url='wss://stream.binance.com:9443/ws/btcusdt@kline_1m'
Binance trade WS failed: 451, message='Invalid response status', url='wss://stream.binance.com:9443/ws/btcusdt@trade'
Binance trade WS failed: 451, message='Invalid response status', url='wss://stream.binance.com:9443/ws/btcusdt@trade'
Binance Kline WS failed: 451, message='Invalid response status', url='wss://stream.binance.com:9443/ws/btcusdt@kline_1m'
Binance Kline WS failed: 451, message='Invalid response status', url='wss://stream.binance.com:9443/ws/btcusdt@kline_5m'
Binance trade WS failed: 451, message='Invalid response status', url='wss://stream.binance.com:9443/ws/btcusdt@trade'
Binance trade WS failed: 451, message='Invalid response status', url='wss://stream.binance.com:9443/ws/btcusdt@trade'
Binance Kline WS failed: 451, message='Invalid response status', url='wss://stream.binance.com:9443/ws/btcusdt@kline_1m'
Binance trade WS failed: 451, message='Invalid response status', url='wss://stream.binance.com:9443/ws/btcusdt@trade'
Binance Kline WS failed: 451, message='Invalid response status', url='wss://stream.binance.com:9443/ws/btcusdt@kline_5m'
Binance trade WS failed: 451, message='Invalid response status', url='wss://stream.binance.com:9443/ws/btcusdt@trade'
Binance Kline WS failed: 451, message='Invalid response status', url='wss://stream.binance.com:9443/ws/btcusdt@kline_5m'
Binance trade WS failed: 451, message='Invalid response status', url='wss://stream.binance.com:9443/ws/btcusdt@trade'
Binance Kline WS failed: 451, message='Invalid response status', url='wss://stream.binance.com:9443/ws/btcusdt@kline_1m'
Binance trade WS failed: 451, message='Invalid response status', url='wss://stream.binance.com:9443/ws/btcusdt@trade'
Binance Kline WS failed: 451, message='Invalid response status', url='wss://stream.binance.com:9443/ws/btcusdt@kline_5m'
Binance Kline WS failed: 451, message='Invalid response status', url='wss://stream.binance.com:9443/ws/btcusdt@kline_1m'
Binance trade WS failed: 451, message='Invalid response status', url='wss://stream.binance.com:9443/ws/btcusdt@trade'
Binance trade WS failed: 451, message='Invalid response status', url='wss://stream.binance.com:9443/ws/btcusdt@trade'
Binance trade WS failed: 451, message='Invalid response status', url='wss://stream.binance.com:9443/ws/btcusdt@trade'
Binance Kline WS failed: 451, message='Invalid response status', url='wss://stream.binance.com:9443/ws/btcusdt@kline_5m'
Binance Kline WS failed: 451, message='Invalid response status', url='wss://stream.binance.com:9443/ws/btcusdt@kline_1m'
Binance trade WS failed: 451, message='Invalid response status', url='wss://stream.binance.com:9443/ws/btcusdt@trade'
Binance trade WS failed: 451, message='Invalid response status', url='wss://stream.binance.com:9443/ws/btcusdt@trade'
Binance Kline WS failed: 451, message='Invalid response status', url='wss://stream.binance.com:9443/ws/btcusdt@kline_5m'
Binance Kline WS failed: 451, message='Invalid response status', url='wss://stream.binance.com:9443/ws/btcusdt@kline_1m'
Binance trade WS failed: 451, message='Invalid response status', url='wss://stream.binance.com:9443/ws/btcusdt@trade'
Binance Kline WS failed: 451, message='Invalid response status', url='wss://stream.binance.com:9443/ws/btcusdt@kline_5m'
Binance Kline WS failed: 451, message='Invalid response status', url='wss://stream.binance.com:9443/ws/btcusdt@kline_1m'
Binance trade WS failed: 451, message='Invalid response status', url='wss://stream.binance.com:9443/ws/btcusdt@trade'
Binance trade WS failed: 451, message='Invalid response status', url='wss://stream.binance.com:9443/ws/btcusdt@trade'
Binance trade WS failed: 451, message='Invalid response status', url='wss://stream.binance.com:9443/ws/btcusdt@trade'
Binance Kline WS failed: 451, message='Invalid response status', url='wss://stream.binance.com:9443/ws/btcusdt@kline_1m'
Binance Kline WS failed: 451, message='Invalid response status', url='wss://stream.binance.com:9443/ws/btcusdt@kline_5m'
Binance trade WS failed: 451, message='Invalid response status', url='wss://stream.binance.com:9443/ws/btcusdt@trade'
Binance Kline WS failed: 451, message='Invalid response status', url='wss://stream.binance.com:9443/ws/btcusdt@kline_1m'
Binance Kline WS failed: 451, message='Invalid response status', url='wss://stream.binance.com:9443/ws/btcusdt@kline_5m'
Binance trade WS failed: 451, message='Invalid response status', url='wss://stream.binance.com:9443/ws/btcusdt@trade'
Binance trade WS failed: 451, message='Invalid response status', url='wss://stream.binance.com:9443/ws/btcusdt@trade'
Binance Kline WS failed: 451, message='Invalid response status', url='wss://stream.binance.com:9443/ws/btcusdt@kline_1m'
Binance trade WS failed: 451, message='Invalid response status', url='wss://stream.binance.com:9443/ws/btcusdt@trade'
Binance Kline WS failed: 451, message='Invalid response status', url='wss://stream.binance.com:9443/ws/btcusdt@kline_5m'
Binance trade WS failed: 451, message='Invalid response status', url='wss://stream.binance.com:9443/ws/btcusdt@trade'
Binance Kline WS failed: 451, message='Invalid response status', url='wss://stream.binance.com:9443/ws/btcusdt@kline_1m'
Binance Kline WS failed: 451, message='Invalid response status', url='wss://stream.binance.com:9443/ws/btcusdt@kline_5m'
Binance trade WS failed: 451, message='Invalid response status', url='wss://stream.binance.com:9443/ws/btcusdt@trade'
Binance trade WS failed: 451, message='Invalid response status', url='wss://stream.binance.com:9443/ws/btcusdt@trade'
Binance trade WS failed: 451, message='Invalid response status', url='wss://stream.binance.com:9443/ws/btcusdt@trade'
Binance Kline WS failed: 451, message='Invalid response status', url='wss://stream.binance.com:9443/ws/btcusdt@kline_1m'
Binance Kline WS failed: 451, message='Invalid response status', url='wss://stream.binance.com:9443/ws/btcusdt@kline_5m'
Binance trade WS failed: 451, message='Invalid response status', url='wss://stream.binance.com:9443/ws/btcusdt@trade'
Binance Kline WS failed: 451, message='Invalid response status', url='wss://stream.binance.com:9443/ws/btcusdt@kline_1m'
Binance Kline WS failed: 451, message='Invalid response status', url='wss://stream.binance.com:9443/ws/btcusdt@kline_5m'
Binance trade WS failed: 451, message='Invalid response status', url='wss://stream.binance.com:9443/ws/btcusdt@trade'
Binance trade WS failed: 451, message='Invalid response status', url='wss://stream.binance.com:9443/ws/btcusdt@trade'
Binance Kline WS failed: 451, message='Invalid response status', url='wss://stream.binance.com:9443/ws/btcusdt@kline_1m'
Binance Kline WS failed: 451, message='Invalid response status', url='wss://stream.binance.com:9443/ws/btcusdt@kline_5m'
Binance trade WS failed: 451, message='Invalid response status', url='wss://stream.binance.com:9443/ws/btcusdt@trade'
Binance trade WS failed: 451, message='Invalid response status', url='wss://stream.binance.com:9443/ws/btcusdt@trade'
Connected to Chainlink RPC WS: wss://polygon-bor-rpc.publicnode.com
Binance Kline WS failed: 451, message='Invalid response status', url='wss://stream.binance.com:9443/ws/btcusdt@kline_5m'
Binance trade WS failed: 451, message='Invalid response status', url='wss://stream.binance.com:9443/ws/btcusdt@trade'
Binance Kline WS failed: 451, message='Invalid response status', url='wss://stream.binance.com:9443/ws/btcusdt@kline_1m'
Binance trade WS failed: 451, message='Invalid response status', url='wss://stream.binance.com:9443/ws/btcusdt@trade'
Binance Kline WS failed: 451, message='Invalid response status', url='wss://stream.binance.com:9443/ws/btcusdt@kline_5m'
Binance trade WS failed: 451, message='Invalid response status', url='wss://stream.binance.com:9443/ws/btcusdt@trade'
Binance Kline WS failed: 451, message='Invalid response status', url='wss://stream.binance.com:9443/ws/btcusdt@kline_1m'
Binance trade WS failed: 451, message='Invalid response status', url='wss://stream.binance.com:9443/ws/btcusdt@trade'
Binance Kline WS failed: 451, message='Invalid response status', url='wss://stream.binance.com:9443/ws/btcusdt@kline_5m'
Binance trade WS failed: 451, message='Invalid response status', url='wss://stream.binance.com:9443/ws/btcusdt@trade'
Binance Kline WS failed: 451, message='Invalid response status', url='wss://stream.binance.com:9443/ws/btcusdt@kline_1m'
Binance trade WS failed: 451, message='Invalid response status', url='wss://stream.binance.com:9443/ws/btcusdt@trade'
Binance trade WS failed: 451, message='Invalid response status', url='wss://stream.binance.com:9443/ws/btcusdt@trade'
Binance Kline WS failed: 451, message='Invalid response status', url='wss://stream.binance.com:9443/ws/btcusdt@kline_5m'
Binance Kline WS failed: 451, message='Invalid response status', url='wss://stream.binance.com:9443/ws/btcusdt@kline_1m'
Binance trade WS failed: 451, message='Invalid response status', url='wss://stream.binance.com:9443/ws/btcusdt@trade'
Binance Kline WS failed: 451, message='Invalid response status', url='wss://stream.binance.com:9443/ws/btcusdt@kline_1m'
Binance trade WS failed: 451, message='Invalid response status', url='wss://stream.binance.com:9443/ws/btcusdt@trade'
Binance Kline WS failed: 451, message='Invalid response status', url='wss://stream.binance.com:9443/ws/btcusdt@kline_5m'
Binance trade WS failed: 451, message='Invalid response status', url='wss://stream.binance.com:9443/ws/btcusdt@trade'
Binance Kline WS failed: 451, message='Invalid response status', url='wss://stream.binance.com:9443/ws/btcusdt@kline_1m'
Binance trade WS failed: 451, message='Invalid response status', url='wss://stream.binance.com:9443/ws/btcusdt@trade'
Binance Kline WS failed: 451, message='Invalid response status', url='wss://stream.binance.com:9443/ws/btcusdt@kline_5m'
Binance trade WS failed: 451, message='Invalid response status', url='wss://stream.binance.com:9443/ws/btcusdt@trade'
Binance Kline WS failed: 451, message='Invalid response status', url='wss://stream.binance.com:9443/ws/btcusdt@kline_5m'
Binance Kline WS failed: 451, message='Invalid response status', url='wss://stream.binance.com:9443/ws/btcusdt@kline_1m'
Binance trade WS failed: 451, message='Invalid response status', url='wss://stream.binance.com:9443/ws/btcusdt@trade'
Binance trade WS failed: 451, message='Invalid response status', url='wss://stream.binance.com:9443/ws/btcusdt@trade'
Binance Kline WS failed: 451, message='Invalid response status', url='wss://stream.binance.com:9443/ws/btcusdt@kline_5m'
Binance Kline WS failed: 451, message='Invalid response status', url='wss://stream.binance.com:9443/ws/btcusdt@kline_1m'
Binance trade WS failed: 451, message='Invalid response status', url='wss://stream.binance.com:9443/ws/btcusdt@trade'
Binance trade WS failed: 451, message='Invalid response status', url='wss://stream.binance.com:9443/ws/btcusdt@trade'
Binance Kline WS failed: 451, message='Invalid response status', url='wss://stream.binance.com:9443/ws/btcusdt@kline_1m'
Binance Kline WS failed: 451, message='Invalid response status', url='wss://stream.binance.com:9443/ws/btcusdt@kline_5m'
Binance trade WS failed: 451, message='Invalid response status', url='wss://stream.binance.com:9443/ws/btcusdt@trade'
Binance trade WS failed: 451, message='Invalid response status', url='wss://stream.binance.com:9443/ws/btcusdt@trade'
Binance Kline WS failed: 451, message='Invalid response status', url='wss://stream.binance.com:9443/ws/btcusdt@kline_1m'
Binance Kline WS failed: 451, message='Invalid response status', url='wss://stream.binance.com:9443/ws/btcusdt@kline_5m'
Binance trade WS failed: 451, message='Invalid response status', url='wss://stream.binance.com:9443/ws/btcusdt@trade'
Binance trade WS failed: 451, message='Invalid response status', url='wss://stream.binance.com:9443/ws/btcusdt@trade'
Binance Kline WS failed: 451, message='Invalid response status', url='wss://stream.binance.com:9443/ws/btcusdt@kline_1m'
Binance Kline WS failed: 451, message='Invalid response status', url='wss://stream.binance.com:9443/ws/btcusdt@kline_5m'
Binance trade WS failed: 451, message='Invalid response status', url='wss://stream.binance.com:9443/ws/btcusdt@trade'
Binance trade WS failed: 451, message='Invalid response status', url='wss://stream.binance.com:9443/ws/btcusdt@trade'
Binance Kline WS failed: 451, message='Invalid response status', url='wss://stream.binance.com:9443/ws/btcusdt@kline_5m'
Binance Kline WS failed: 451, message='Invalid response status', url='wss://stream.binance.com:9443/ws/btcusdt@kline_1m'
Binance trade WS failed: 451, message='Invalid response status', url='wss://stream.binance.com:9443/ws/btcusdt@trade'
Binance trade WS failed: 451, message='Invalid response status', url='wss://stream.binance.com:9443/ws/btcusdt@trade'
Binance Kline WS failed: 451, message='Invalid response status', url='wss://stream.binance.com:9443/ws/btcusdt@kline_1m'
Binance Kline WS failed: 451, message='Invalid response status', url='wss://stream.binance.com:9443/ws/btcusdt@kline_5m'
Binance trade WS failed: 451, message='Invalid response status', url='wss://stream.binance.com:9443/ws/btcusdt@trade'
Binance trade WS failed: 451, message='Invalid response status', url='wss://stream.binance.com:9443/ws/btcusdt@trade'
Binance Kline WS failed: 451, message='Invalid response status', url='wss://stream.binance.com:9443/ws/btcusdt@kline_1m'
Binance Kline WS failed: 451, message='Invalid response status', url='wss://stream.binance.com:9443/ws/btcusdt@kline_5m'
Binance trade WS failed: 451, message='Invalid response status', url='wss://stream.binance.com:9443/ws/btcusdt@trade'
Binance trade WS failed: 451, message='Invalid response status', url='wss://stream.binance.com:9443/ws/btcusdt@trade'
Binance trade WS failed: 451, message='Invalid response status', url='wss://stream.binance.com:9443/ws/btcusdt@trade'
Binance Kline WS failed: 451, message='Invalid response status', url='wss://stream.binance.com:9443/ws/btcusdt@kline_5m'
Binance Kline WS failed: 451, message='Invalid response status', url='wss://stream.binance.com:9443/ws/btcusdt@kline_1m'
Binance trade WS failed: 451, message='Invalid response status', url='wss://stream.binance.com:9443/ws/btcusdt@trade'
Connected to Chainlink RPC WS: wss://polygon-bor-rpc.publicnode.com
Binance trade WS failed: 451, message='Invalid response status', url='wss://stream.binance.com:9443/ws/btcusdt@trade'
Binance Kline WS failed: 451, message='Invalid response status', url='wss://stream.binance.com:9443/ws/btcusdt@kline_1m'
Binance Kline WS failed: 451, message='Invalid response status', url='wss://stream.binance.com:9443/ws/btcusdt@kline_5m'
Binance trade WS failed: 451, message='Invalid response status', url='wss://stream.binance.com:9443/ws/btcusdt@trade'
Binance Kline WS failed: 451, message='Invalid response status', url='wss://stream.binance.com:9443/ws/btcusdt@kline_1m'
Binance trade WS failed: 451, message='Invalid response status', url='wss://stream.binance.com:9443/ws/btcusdt@trade'
Binance Kline WS failed: 451, message='Invalid response status', url='wss://stream.binance.com:9443/ws/btcusdt@kline_5m'
Binance trade WS failed: 451, message='Invalid response status', url='wss://stream.binance.com:9443/ws/btcusdt@trade'
Binance trade WS failed: 451, message='Invalid response status', url='wss://stream.binance.com:9443/ws/btcusdt@trade'
Binance Kline WS failed: 451, message='Invalid response status', url='wss://stream.binance.com:9443/ws/btcusdt@kline_5m'
Binance Kline WS failed: 451, message='Invalid response status', url='wss://stream.binance.com:9443/ws/btcusdt@kline_1m'
Binance trade WS failed: 451, message='Invalid response status', url='wss://stream.binance.com:9443/ws/btcusdt@trade'
Binance Kline WS failed: 451, message='Invalid response status', url='wss://stream.binance.com:9443/ws/btcusdt@kline_5m'
Binance trade WS failed: 451, message='Invalid response status', url='wss://stream.binance.com:9443/ws/btcusdt@trade'
Binance Kline WS failed: 451, message='Invalid response status', url='wss://stream.binance.com:9443/ws/btcusdt@kline_1m'
Binance trade WS failed: 451, message='Invalid response status', url='wss://stream.binance.com:9443/ws/btcusdt@trade'
Binance Kline WS failed: 451, message='Invalid response status', url='wss://stream.binance.com:9443/ws/btcusdt@kline_5m'
Binance trade WS failed: 451, message='Invalid response status', url='wss://stream.binance.com:9443/ws/btcusdt@trade'
Binance Kline WS failed: 451, message='Invalid response status', url='wss://stream.binance.com:9443/ws/btcusdt@kline_1m'
Binance trade WS failed: 451, message='Invalid response status', url='wss://stream.binance.com:9443/ws/btcusdt@trade'
Binance Kline WS failed: 451, message='Invalid response status', url='wss://stream.binance.com:9443/ws/btcusdt@kline_5m'
Binance Kline WS failed: 451, message='Invalid response status', url='wss://stream.binance.com:9443/ws/btcusdt@kline_1m'
Binance trade WS failed: 451, message='Invalid response status', url='wss://stream.binance.com:9443/ws/btcusdt@trade'
Binance trade WS failed: 451, message='Invalid response status', url='wss://stream.binance.com:9443/ws/btcusdt@trade'
Binance Kline WS failed: 451, message='Invalid response status', url='wss://stream.binance.com:9443/ws/btcusdt@kline_1m'
Binance trade WS failed: 451, message='Invalid response status', url='wss://stream.binance.com:9443/ws/btcusdt@trade'
Binance Kline WS failed: 451, message='Invalid response status', url='wss://stream.binance.com:9443/ws/btcusdt@kline_5m'
INFO:     127.0.0.1:49894 - "GET / HTTP/1.1" 200 OK
INFO:     127.0.0.1:49894 - "GET /api/latest HTTP/1.1" 200 OK
Binance trade WS failed: 451, message='Invalid response status', url='wss://stream.binance.com:9443/ws/btcusdt@trade'
INFO:     127.0.0.1:49894 - "GET /api/latest HTTP/1.1" 200 OK
INFO:     127.0.0.1:49894 - "GET /api/latest HTTP/1.1" 200 OK
INFO:     127.0.0.1:50988 - "GET /api/logs HTTP/1.1" 200 OK
Binance Kline WS failed: 451, message='Invalid response status', url='wss://stream.binance.com:9443/ws/btcusdt@kline_1m'
Binance Kline WS failed: 451, message='Invalid response status', url='wss://stream.binance.com:9443/ws/btcusdt@kline_5m'
Binance trade WS failed: 451, message='Invalid response status', url='wss://stream.binance.com:9443/ws/btcusdt@trade'
Binance trade WS failed: 451, message='Invalid response status', url='wss://stream.binance.com:9443/ws/btcusdt@trade'
Binance Kline WS failed: 451, message='Invalid response status', url='wss://stream.binance.com:9443/ws/btcusdt@kline_1m'
Binance Kline WS failed: 451, message='Invalid response status', url='wss://stream.binance.com:9443/ws/btcusdt@kline_5m'
Binance trade WS failed: 451, message='Invalid response status', url='wss://stream.binance.com:9443/ws/btcusdt@trade'
Binance trade WS failed: 451, message='Invalid response status', url='wss://stream.binance.com:9443/ws/btcusdt@trade'
Binance Kline WS failed: 451, message='Invalid response status', url='wss://stream.binance.com:9443/ws/btcusdt@kline_1m'
Binance Kline WS failed: 451, message='Invalid response status', url='wss://stream.binance.com:9443/ws/btcusdt@kline_5m'
Binance trade WS failed: 451, message='Invalid response status', url='wss://stream.binance.com:9443/ws/btcusdt@trade'
Binance trade WS failed: 451, message='Invalid response status', url='wss://stream.binance.com:9443/ws/btcusdt@trade'
Binance Kline WS failed: 451, message='Invalid response status', url='wss://stream.binance.com:9443/ws/btcusdt@kline_1m'
Binance trade WS failed: 451, message='Invalid response status', url='wss://stream.binance.com:9443/ws/btcusdt@trade'
Binance Kline WS failed: 451, message='Invalid response status', url='wss://stream.binance.com:9443/ws/btcusdt@kline_5m'
Binance trade WS failed: 451, message='Invalid response status', url='wss://stream.binance.com:9443/ws/btcusdt@trade'
Binance Kline WS failed: 451, message='Invalid response status', url='wss://stream.binance.com:9443/ws/btcusdt@kline_1m'
Binance Kline WS failed: 451, message='Invalid response status', url='wss://stream.binance.com:9443/ws/btcusdt@kline_5m'
Binance trade WS failed: 451, message='Invalid response status', url='wss://stream.binance.com:9443/ws/btcusdt@trade'
Binance trade WS failed: 451, message='Invalid response status', url='wss://stream.binance.com:9443/ws/btcusdt@trade'
Binance trade WS failed: 451, message='Invalid response status', url='wss://stream.binance.com:9443/ws/btcusdt@trade'
Binance Kline WS failed: 451, message='Invalid response status', url='wss://stream.binance.com:9443/ws/btcusdt@kline_1m'
Binance Kline WS failed: 451, message='Invalid response status', url='wss://stream.binance.com:9443/ws/btcusdt@kline_5m'
Binance trade WS failed: 451, message='Invalid response status', url='wss://stream.binance.com:9443/ws/btcusdt@trade'
Binance Kline WS failed: 451, message='Invalid response status', url='wss://stream.binance.com:9443/ws/btcusdt@kline_1m'
Binance Kline WS failed: 451, message='Invalid response status', url='wss://stream.binance.com:9443/ws/btcusdt@kline_5m'
Binance trade WS failed: 451, message='Invalid response status', url='wss://stream.binance.com:9443/ws/btcusdt@trade'
Binance trade WS failed: 451, message='Invalid response status', url='wss://stream.binance.com:9443/ws/btcusdt@trade'
Binance Kline WS failed: 451, message='Invalid response status', url='wss://stream.binance.com:9443/ws/btcusdt@kline_5m'
Binance Kline WS failed: 451, message='Invalid response status', url='wss://stream.binance.com:9443/ws/btcusdt@kline_1m'
Binance trade WS failed: 451, message='Invalid response status', url='wss://stream.binance.com:9443/ws/btcusdt@trade'
Binance trade WS failed: 451, message='Invalid response status', url='wss://stream.binance.com:9443/ws/btcusdt@trade'
Connected to Chainlink RPC WS: wss://polygon-bor-rpc.publicnode.com
Binance Kline WS failed: 451, message='Invalid response status', url='wss://stream.binance.com:9443/ws/btcusdt@kline_1m'
Binance Kline WS failed: 451, message='Invalid response status', url='wss://stream.binance.com:9443/ws/btcusdt@kline_5m'
Binance trade WS failed: 451, message='Invalid response status', url='wss://stream.binance.com:9443/ws/btcusdt@trade'
Binance trade WS failed: 451, message='Invalid response status', url='wss://stream.binance.com:9443/ws/btcusdt@trade'
Binance Kline WS failed: 451, message='Invalid response status', url='wss://stream.binance.com:9443/ws/btcusdt@kline_1m'
Binance Kline WS failed: 451, message='Invalid response status', url='wss://stream.binance.com:9443/ws/btcusdt@kline_5m'
Binance trade WS failed: 451, message='Invalid response status', url='wss://stream.binance.com:9443/ws/btcusdt@trade'
Binance trade WS failed: 451, message='Invalid response status', url='wss://stream.binance.com:9443/ws/btcusdt@trade'
Binance trade WS failed: 451, message='Invalid response status', url='wss://stream.binance.com:9443/ws/btcusdt@trade'
Binance Kline WS failed: 451, message='Invalid response status', url='wss://stream.binance.com:9443/ws/btcusdt@kline_5m'
Binance Kline WS failed: 451, message='Invalid response status', url='wss://stream.binance.com:9443/ws/btcusdt@kline_1m'
Binance trade WS failed: 451, message='Invalid response status', url='wss://stream.binance.com:9443/ws/btcusdt@trade'
Binance trade WS failed: 451, message='Invalid response status', url='wss://stream.binance.com:9443/ws/btcusdt@trade'
Binance Kline WS failed: 451, message='Invalid response status', url='wss://stream.binance.com:9443/ws/btcusdt@kline_5m'
Binance Kline WS failed: 451, message='Invalid response status', url='wss://stream.binance.com:9443/ws/btcusdt@kline_1m'
Binance trade WS failed: 451, message='Invalid response status', url='wss://stream.binance.com:9443/ws/btcusdt@trade'
Binance Kline WS failed: 451, message='Invalid response status', url='wss://stream.binance.com:9443/ws/btcusdt@kline_1m'
Binance Kline WS failed: 451, message='Invalid response status', url='wss://stream.binance.com:9443/ws/btcusdt@kline_5m'
Binance trade WS failed: 451, message='Invalid response status', url='wss://stream.binance.com:9443/ws/btcusdt@trade'
Binance trade WS failed: 451, message='Invalid response status', url='wss://stream.binance.com:9443/ws/btcusdt@trade'
Binance Kline WS failed: 451, message='Invalid response status', url='wss://stream.binance.com:9443/ws/btcusdt@kline_1m'
Binance trade WS failed: 451, message='Invalid response status', url='wss://stream.binance.com:9443/ws/btcusdt@trade'
Binance Kline WS failed: 451, message='Invalid response status', url='wss://stream.binance.com:9443/ws/btcusdt@kline_5m'
Binance trade WS failed: 451, message='Invalid response status', url='wss://stream.binance.com:9443/ws/btcusdt@trade'
Binance Kline WS failed: 451, message='Invalid response status', url='wss://stream.binance.com:9443/ws/btcusdt@kline_1m'
Binance Kline WS failed: 451, message='Invalid response status', url='wss://stream.binance.com:9443/ws/btcusdt@kline_5m'
Binance trade WS failed: 451, message='Invalid response status', url='wss://stream.binance.com:9443/ws/btcusdt@trade'
Binance trade WS failed: 451, message='Invalid response status', url='wss://stream.binance.com:9443/ws/btcusdt@trade'
Binance Kline WS failed: 451, message='Invalid response status', url='wss://stream.binance.com:9443/ws/btcusdt@kline_1m'
Binance trade WS failed: 451, message='Invalid response status', url='wss://stream.binance.com:9443/ws/btcusdt@trade'
Binance Kline WS failed: 451, message='Invalid response status', url='wss://stream.binance.com:9443/ws/btcusdt@kline_5m'
Binance trade WS failed: 451, message='Invalid response status', url='wss://stream.binance.com:9443/ws/btcusdt@trade'
Binance Kline WS failed: 451, message='Invalid response status', url='wss://stream.binance.com:9443/ws/btcusdt@kline_5m'
Binance Kline WS failed: 451, message='Invalid response status', url='wss://stream.binance.com:9443/ws/btcusdt@kline_1m'
Binance trade WS failed: 451, message='Invalid response status', url='wss://stream.binance.com:9443/ws/btcusdt@trade'
Binance trade WS failed: 451, message='Invalid response status', url='wss://stream.binance.com:9443/ws/btcusdt@trade'